2026-06-09 01:49:59 device=cuda
2026-06-09 01:49:59 gpu=NVIDIA GeForce RTX 4070 Laptop GPU
2026-06-09 01:49:59 data: 1141 complete days | train=912 test=229 (80/20 seed=42)
2026-06-09 01:49:59 metrics: net_profit=-totalCost (higher=better) | import=grid spend | export=grid earnings | unmet=Joules not served (lower=better) | def_done=tasks completed/3
2026-06-09 01:50:04 update 1/500 | profit=+35.8 roll_profit=+35.8 | import=44.6 export=80.4 | unmet=288 roll_unmet=288 | def_done=2.7/3 reward=-18177
2026-06-09 01:50:20 update 2/500 | profit=+28.7 roll_profit=+32.2 | import=43.0 export=71.6 | unmet=278 roll_unmet=283 | def_done=2.8/3 reward=-17733
2026-06-09 01:50:33 update 3/500 | profit=+31.1 roll_profit=+31.8 | import=48.8 export=79.9 | unmet=288 roll_unmet=285 | def_done=2.7/3 reward=-17861
2026-06-09 01:50:39 update 4/500 | profit=+24.5 roll_profit=+30.0 | import=50.0 export=74.6 | unmet=278 roll_unmet=283 | def_done=2.8/3 reward=-17379
2026-06-09 01:50:44 update 5/500 | profit=+23.2 roll_profit=+28.7 | import=51.4 export=74.6 | unmet=278 roll_unmet=282 | def_done=2.7/3 reward=-17462
2026-06-09 01:50:48 update 6/500 | profit=+18.5 roll_profit=+27.0 | import=49.9 export=68.4 | unmet=265 roll_unmet=279 | def_done=2.8/3 reward=-16770
2026-06-09 01:50:54 update 7/500 | profit=+18.0 roll_profit=+25.7 | import=52.5 export=70.5 | unmet=263 roll_unmet=277 | def_done=2.8/3 reward=-17153
2026-06-09 01:51:00 update 8/500 | profit=+19.7 roll_profit=+24.9 | import=53.7 export=73.4 | unmet=239 roll_unmet=272 | def_done=2.8/3 reward=-15209
2026-06-09 01:51:04 update 9/500 | profit=+9.8 roll_profit=+23.3 | import=56.0 export=65.9 | unmet=223 roll_unmet=267 | def_done=2.9/3 reward=-13793
2026-06-09 01:51:22 update 10/500 | profit=+10.3 roll_profit=+22.0 | import=57.7 export=68.0 | unmet=240 roll_unmet=264 | def_done=2.8/3 reward=-14990
2026-06-09 01:51:32 update 11/500 | profit=+5.7 roll_profit=+18.9 | import=61.4 export=67.1 | unmet=222 roll_unmet=258 | def_done=2.8/3 reward=-13930
2026-06-09 01:51:43 update 12/500 | profit=-4.9 roll_profit=+15.6 | import=62.8 export=57.9 | unmet=200 roll_unmet=250 | def_done=2.8/3 reward=-12595
2026-06-09 01:52:16 update 13/500 | profit=-2.8 roll_profit=+12.2 | import=67.1 export=64.3 | unmet=199 roll_unmet=241 | def_done=2.8/3 reward=-12448
2026-06-09 01:52:35 update 14/500 | profit=-3.8 roll_profit=+9.4 | import=67.6 export=63.8 | unmet=198 roll_unmet=233 | def_done=2.8/3 reward=-12157
2026-06-09 01:52:42 update 15/500 | profit=-5.8 roll_profit=+6.5 | import=69.2 export=63.4 | unmet=175 roll_unmet=223 | def_done=2.7/3 reward=-11063
2026-06-09 01:52:58 update 16/500 | profit=-11.5 roll_profit=+3.5 | import=67.0 export=55.5 | unmet=159 roll_unmet=212 | def_done=2.8/3 reward=-10271
2026-06-09 01:53:30 update 17/500 | profit=-7.1 roll_profit=+1.0 | import=71.5 export=64.4 | unmet=163 roll_unmet=202 | def_done=2.7/3 reward=-10470
2026-06-09 01:53:58 update 18/500 | profit=-17.2 roll_profit=-2.7 | import=72.9 export=55.6 | unmet=162 roll_unmet=194 | def_done=2.9/3 reward=-9971
2026-06-09 01:54:06 update 19/500 | profit=-14.3 roll_profit=-5.1 | import=70.0 export=55.7 | unmet=173 roll_unmet=189 | def_done=2.8/3 reward=-10321
2026-06-09 01:54:25 update 20/500 | profit=-7.0 roll_profit=-6.9 | import=68.6 export=61.7 | unmet=148 roll_unmet=180 | def_done=2.9/3 reward=-9238
2026-06-09 01:54:32 update 21/500 | profit=-18.0 roll_profit=-9.2 | import=75.4 export=57.4 | unmet=153 roll_unmet=173 | def_done=2.9/3 reward=-9574
2026-06-09 01:54:36 update 22/500 | profit=-19.3 roll_profit=-10.7 | import=74.7 export=55.4 | unmet=155 roll_unmet=168 | def_done=3.0/3 reward=-9590
2026-06-09 01:54:55 update 23/500 | profit=-22.5 roll_profit=-12.7 | import=74.7 export=52.3 | unmet=145 roll_unmet=163 | def_done=2.9/3 reward=-9367
2026-06-09 01:55:18 update 24/500 | profit=-13.7 roll_profit=-13.6 | import=73.6 export=59.9 | unmet=146 roll_unmet=158 | def_done=2.6/3 reward=-9041
2026-06-09 01:55:46 update 25/500 | profit=-17.8 roll_profit=-14.8 | import=77.2 export=59.4 | unmet=154 roll_unmet=156 | def_done=2.8/3 reward=-9062
2026-06-09 01:55:46 saved checkpoints
2026-06-09 01:56:05 update 26/500 | profit=-14.3 roll_profit=-15.1 | import=74.8 export=60.5 | unmet=148 roll_unmet=155 | def_done=2.8/3 reward=-8971
2026-06-09 01:56:12 update 27/500 | profit=-16.3 roll_profit=-16.0 | import=72.6 export=56.2 | unmet=149 roll_unmet=153 | def_done=2.6/3 reward=-9079
2026-06-09 01:56:16 update 28/500 | profit=-23.6 roll_profit=-16.7 | import=73.8 export=50.2 | unmet=138 roll_unmet=151 | def_done=2.7/3 reward=-8782
2026-06-09 01:56:40 update 29/500 | profit=-18.8 roll_profit=-17.1 | import=75.6 export=56.8 | unmet=155 roll_unmet=149 | def_done=2.8/3 reward=-9051
2026-06-09 01:56:50 update 30/500 | profit=-21.3 roll_profit=-18.5 | import=76.3 export=55.0 | unmet=140 roll_unmet=148 | def_done=2.7/3 reward=-8470
2026-06-09 01:57:08 update 31/500 | profit=-19.7 roll_profit=-18.7 | import=74.1 export=54.4 | unmet=135 roll_unmet=147 | def_done=2.8/3 reward=-8362
2026-06-09 01:57:34 update 32/500 | profit=-17.9 roll_profit=-18.6 | import=76.5 export=58.6 | unmet=133 roll_unmet=144 | def_done=2.8/3 reward=-8157
2026-06-09 01:57:55 update 33/500 | profit=-20.6 roll_profit=-18.4 | import=76.8 export=56.3 | unmet=135 roll_unmet=143 | def_done=2.8/3 reward=-8453
2026-06-09 01:58:06 update 34/500 | profit=-21.4 roll_profit=-19.2 | import=74.3 export=52.9 | unmet=144 roll_unmet=143 | def_done=2.6/3 reward=-8812
2026-06-09 01:58:17 update 35/500 | profit=-20.4 roll_profit=-19.4 | import=73.0 export=52.6 | unmet=129 roll_unmet=141 | def_done=2.6/3 reward=-8104
2026-06-09 01:58:28 update 36/500 | profit=-28.3 roll_profit=-20.8 | import=78.9 export=50.6 | unmet=126 roll_unmet=138 | def_done=2.6/3 reward=-8407
2026-06-09 01:58:39 update 37/500 | profit=-21.6 roll_profit=-21.3 | import=73.7 export=52.1 | unmet=140 roll_unmet=138 | def_done=2.7/3 reward=-8638
2026-06-09 01:58:56 update 38/500 | profit=-21.9 roll_profit=-21.2 | import=71.6 export=49.7 | unmet=142 roll_unmet=138 | def_done=2.8/3 reward=-8340
2026-06-09 01:59:21 update 39/500 | profit=-16.8 roll_profit=-21.0 | import=70.7 export=53.9 | unmet=151 roll_unmet=138 | def_done=2.6/3 reward=-9093
2026-06-09 01:59:26 update 40/500 | profit=-22.1 roll_profit=-21.1 | import=72.6 export=50.4 | unmet=139 roll_unmet=138 | def_done=2.7/3 reward=-8415
2026-06-09 01:59:45 update 41/500 | profit=-22.7 roll_profit=-21.4 | import=77.0 export=54.3 | unmet=136 roll_unmet=138 | def_done=2.9/3 reward=-8105
2026-06-09 02:00:03 update 42/500 | profit=-25.6 roll_profit=-22.1 | import=77.8 export=52.2 | unmet=127 roll_unmet=137 | def_done=2.8/3 reward=-8073
2026-06-09 02:00:09 update 43/500 | profit=-21.1 roll_profit=-22.2 | import=73.1 export=51.9 | unmet=146 roll_unmet=138 | def_done=2.8/3 reward=-8380
2026-06-09 02:00:25 update 44/500 | profit=-27.1 roll_profit=-22.8 | import=81.0 export=53.9 | unmet=125 roll_unmet=136 | def_done=2.8/3 reward=-7727
2026-06-09 02:00:30 update 45/500 | profit=-19.8 roll_profit=-22.7 | import=73.5 export=53.7 | unmet=129 roll_unmet=136 | def_done=2.7/3 reward=-8420
2026-06-09 02:00:44 update 46/500 | profit=-25.2 roll_profit=-22.4 | import=74.1 export=48.9 | unmet=143 roll_unmet=138 | def_done=2.8/3 reward=-8580
2026-06-09 02:01:03 update 47/500 | profit=-28.1 roll_profit=-23.0 | import=78.2 export=50.1 | unmet=138 roll_unmet=138 | def_done=2.8/3 reward=-8310
2026-06-09 02:01:10 update 48/500 | profit=-19.7 roll_profit=-22.8 | import=75.3 export=55.6 | unmet=121 roll_unmet=135 | def_done=2.8/3 reward=-7447
2026-06-09 02:01:34 update 49/500 | profit=-25.5 roll_profit=-23.7 | import=71.9 export=46.4 | unmet=142 roll_unmet=135 | def_done=2.5/3 reward=-8728
2026-06-09 02:01:38 update 50/500 | profit=-25.0 roll_profit=-24.0 | import=74.6 export=49.6 | unmet=134 roll_unmet=134 | def_done=2.8/3 reward=-8270
2026-06-09 02:01:38 saved checkpoints
2026-06-09 02:02:02 update 51/500 | profit=-16.8 roll_profit=-23.4 | import=74.2 export=57.4 | unmet=143 roll_unmet=135 | def_done=2.5/3 reward=-8958
2026-06-09 02:02:07 update 52/500 | profit=-27.2 roll_profit=-23.6 | import=74.7 export=47.5 | unmet=128 roll_unmet=135 | def_done=2.6/3 reward=-7934
2026-06-09 02:02:37 update 53/500 | profit=-14.7 roll_profit=-22.9 | import=71.6 export=56.9 | unmet=138 roll_unmet=134 | def_done=2.7/3 reward=-8700
2026-06-09 02:02:46 update 54/500 | profit=-27.4 roll_profit=-22.9 | import=78.8 export=51.4 | unmet=133 roll_unmet=135 | def_done=2.7/3 reward=-8409
2026-06-09 02:03:04 update 55/500 | profit=-17.5 roll_profit=-22.7 | import=72.8 export=55.3 | unmet=152 roll_unmet=137 | def_done=2.6/3 reward=-9206
2026-06-09 02:03:22 update 56/500 | profit=-14.1 roll_profit=-21.6 | import=72.9 export=58.9 | unmet=140 roll_unmet=137 | def_done=2.6/3 reward=-8626
2026-06-09 02:03:40 update 57/500 | profit=-16.0 roll_profit=-20.4 | import=78.5 export=62.5 | unmet=135 roll_unmet=137 | def_done=2.6/3 reward=-8605
2026-06-09 02:04:07 update 58/500 | profit=-25.0 roll_profit=-20.9 | import=72.0 export=47.0 | unmet=125 roll_unmet=137 | def_done=2.4/3 reward=-7931
2026-06-09 02:04:42 update 59/500 | profit=-21.5 roll_profit=-20.5 | import=70.6 export=49.0 | unmet=136 roll_unmet=136 | def_done=2.6/3 reward=-8644
2026-06-09 02:04:54 update 60/500 | profit=-24.4 roll_profit=-20.5 | import=79.4 export=55.0 | unmet=137 roll_unmet=137 | def_done=2.4/3 reward=-8535
2026-06-09 02:05:05 update 61/500 | profit=-20.4 roll_profit=-20.8 | import=77.4 export=56.9 | unmet=135 roll_unmet=136 | def_done=2.6/3 reward=-8485
2026-06-09 02:05:35 update 62/500 | profit=-22.0 roll_profit=-20.3 | import=74.2 export=52.3 | unmet=124 roll_unmet=136 | def_done=2.5/3 reward=-7573
2026-06-09 02:05:42 update 63/500 | profit=-21.1 roll_profit=-20.9 | import=76.0 export=54.8 | unmet=136 roll_unmet=135 | def_done=2.6/3 reward=-8485
2026-06-09 02:05:57 update 64/500 | profit=-18.0 roll_profit=-20.0 | import=74.7 export=56.7 | unmet=142 roll_unmet=136 | def_done=2.5/3 reward=-9088
2026-06-09 02:06:02 update 65/500 | profit=-21.7 roll_profit=-20.4 | import=73.6 export=51.9 | unmet=122 roll_unmet=133 | def_done=2.6/3 reward=-8175
2026-06-09 02:06:30 update 66/500 | profit=-25.9 roll_profit=-21.6 | import=76.3 export=50.4 | unmet=132 roll_unmet=133 | def_done=2.7/3 reward=-8181
2026-06-09 02:06:58 update 67/500 | profit=-19.8 roll_profit=-22.0 | import=72.6 export=52.8 | unmet=146 roll_unmet=134 | def_done=2.6/3 reward=-9051
2026-06-09 02:07:08 update 68/500 | profit=-21.3 roll_profit=-21.6 | import=80.1 export=58.8 | unmet=140 roll_unmet=135 | def_done=2.7/3 reward=-8466
2026-06-09 02:07:39 update 69/500 | profit=-22.0 roll_profit=-21.7 | import=73.7 export=51.7 | unmet=137 roll_unmet=135 | def_done=2.8/3 reward=-8580
2026-06-09 02:08:09 update 70/500 | profit=-19.8 roll_profit=-21.2 | import=74.3 export=54.5 | unmet=145 roll_unmet=136 | def_done=2.8/3 reward=-8670
2026-06-09 02:08:41 update 71/500 | profit=-27.4 roll_profit=-21.9 | import=75.1 export=47.6 | unmet=134 roll_unmet=136 | def_done=2.8/3 reward=-8324
2026-06-09 02:09:12 update 72/500 | profit=-19.3 roll_profit=-21.7 | import=72.1 export=52.8 | unmet=130 roll_unmet=137 | def_done=2.8/3 reward=-7972
2026-06-09 02:09:42 update 73/500 | profit=-18.7 roll_profit=-21.4 | import=74.8 export=56.1 | unmet=126 roll_unmet=136 | def_done=2.8/3 reward=-7922
2026-06-09 02:10:13 update 74/500 | profit=-25.0 roll_profit=-22.1 | import=75.7 export=50.7 | unmet=133 roll_unmet=135 | def_done=2.8/3 reward=-8414
2026-06-09 02:10:48 update 75/500 | profit=-28.4 roll_profit=-22.8 | import=73.9 export=45.5 | unmet=138 roll_unmet=136 | def_done=2.8/3 reward=-8062
2026-06-09 02:10:48 saved checkpoints
2026-06-09 02:11:19 update 76/500 | profit=-22.9 roll_profit=-22.5 | import=75.3 export=52.4 | unmet=144 roll_unmet=137 | def_done=2.8/3 reward=-8762
2026-06-09 02:11:50 update 77/500 | profit=-19.4 roll_profit=-22.4 | import=78.3 export=58.9 | unmet=135 roll_unmet=136 | def_done=2.9/3 reward=-8190
2026-06-09 02:12:22 update 78/500 | profit=-21.4 roll_profit=-22.4 | import=77.3 export=55.9 | unmet=138 roll_unmet=136 | def_done=2.8/3 reward=-8030
2026-06-09 02:12:54 update 79/500 | profit=-18.3 roll_profit=-22.1 | import=74.7 export=56.4 | unmet=138 roll_unmet=136 | def_done=2.8/3 reward=-8095
2026-06-09 02:13:24 update 80/500 | profit=-22.0 roll_profit=-22.3 | import=75.7 export=53.7 | unmet=124 roll_unmet=134 | def_done=2.8/3 reward=-7890
2026-06-09 02:13:55 update 81/500 | profit=-28.1 roll_profit=-22.4 | import=73.4 export=45.3 | unmet=138 roll_unmet=134 | def_done=2.8/3 reward=-8266
2026-06-09 02:13:59 update 82/500 | profit=-24.1 roll_profit=-22.8 | import=77.4 export=53.3 | unmet=133 roll_unmet=135 | def_done=2.8/3 reward=-8442
2026-06-09 02:14:25 update 83/500 | profit=-25.2 roll_profit=-23.5 | import=79.0 export=53.9 | unmet=137 roll_unmet=136 | def_done=2.9/3 reward=-8349
2026-06-09 02:14:56 update 84/500 | profit=-21.8 roll_profit=-23.2 | import=75.4 export=53.6 | unmet=141 roll_unmet=136 | def_done=2.8/3 reward=-8165
2026-06-09 02:15:27 update 85/500 | profit=-24.9 roll_profit=-22.8 | import=77.7 export=52.8 | unmet=122 roll_unmet=135 | def_done=3.0/3 reward=-7735
2026-06-09 02:15:59 update 86/500 | profit=-23.5 roll_profit=-22.9 | import=74.0 export=50.4 | unmet=141 roll_unmet=135 | def_done=2.8/3 reward=-8553
2026-06-09 02:16:32 update 87/500 | profit=-22.0 roll_profit=-23.1 | import=78.9 export=56.9 | unmet=128 roll_unmet=134 | def_done=2.8/3 reward=-8144
2026-06-09 02:17:03 update 88/500 | profit=-26.6 roll_profit=-23.7 | import=76.5 export=49.9 | unmet=133 roll_unmet=133 | def_done=2.6/3 reward=-8823
2026-06-09 02:17:08 update 89/500 | profit=-26.8 roll_profit=-24.5 | import=77.9 export=51.2 | unmet=125 roll_unmet=132 | def_done=2.8/3 reward=-8125
2026-06-09 02:17:30 update 90/500 | profit=-19.9 roll_profit=-24.3 | import=74.3 export=54.4 | unmet=131 roll_unmet=133 | def_done=2.7/3 reward=-7867
2026-06-09 02:18:02 update 91/500 | profit=-22.4 roll_profit=-23.7 | import=77.5 export=55.1 | unmet=134 roll_unmet=132 | def_done=2.9/3 reward=-8443
2026-06-09 02:18:08 update 92/500 | profit=-24.6 roll_profit=-23.8 | import=78.6 export=54.0 | unmet=116 roll_unmet=131 | def_done=2.8/3 reward=-7352
2026-06-09 02:18:38 update 93/500 | profit=-24.9 roll_profit=-23.7 | import=76.1 export=51.2 | unmet=135 roll_unmet=131 | def_done=2.8/3 reward=-8457
2026-06-09 02:19:08 update 94/500 | profit=-26.1 roll_profit=-24.2 | import=77.9 export=51.8 | unmet=122 roll_unmet=129 | def_done=2.8/3 reward=-7696
2026-06-09 02:19:39 update 95/500 | profit=-26.2 roll_profit=-24.3 | import=75.5 export=49.3 | unmet=121 roll_unmet=129 | def_done=2.8/3 reward=-7836
2026-06-09 02:19:44 update 96/500 | profit=-22.5 roll_profit=-24.2 | import=75.8 export=53.4 | unmet=128 roll_unmet=127 | def_done=2.7/3 reward=-8085
2026-06-09 02:20:07 update 97/500 | profit=-28.5 roll_profit=-24.9 | import=76.5 export=47.9 | unmet=138 roll_unmet=128 | def_done=2.8/3 reward=-8451
2026-06-09 02:20:40 update 98/500 | profit=-25.1 roll_profit=-24.7 | import=77.2 export=52.0 | unmet=130 roll_unmet=128 | def_done=2.8/3 reward=-7861
2026-06-09 02:21:10 update 99/500 | profit=-27.1 roll_profit=-24.7 | import=75.6 export=48.5 | unmet=135 roll_unmet=129 | def_done=2.9/3 reward=-8026
2026-06-09 02:21:42 update 100/500 | profit=-26.7 roll_profit=-25.4 | import=76.9 export=50.3 | unmet=127 roll_unmet=129 | def_done=2.8/3 reward=-7887
2026-06-09 02:21:42 saved checkpoints
2026-06-09 02:22:12 update 101/500 | profit=-23.9 roll_profit=-25.6 | import=76.2 export=52.3 | unmet=137 roll_unmet=129 | def_done=2.8/3 reward=-8608
2026-06-09 02:22:46 update 102/500 | profit=-24.8 roll_profit=-25.6 | import=73.2 export=48.4 | unmet=134 roll_unmet=131 | def_done=2.9/3 reward=-8039
2026-06-09 02:22:51 update 103/500 | profit=-27.9 roll_profit=-25.9 | import=75.9 export=48.1 | unmet=128 roll_unmet=130 | def_done=2.8/3 reward=-7969
2026-06-09 02:23:19 update 104/500 | profit=-22.0 roll_profit=-25.5 | import=74.6 export=52.6 | unmet=144 roll_unmet=132 | def_done=2.9/3 reward=-8418
2026-06-09 02:23:49 update 105/500 | profit=-25.5 roll_profit=-25.4 | import=75.8 export=50.3 | unmet=145 roll_unmet=135 | def_done=2.9/3 reward=-8922
2026-06-09 02:24:20 update 106/500 | profit=-25.6 roll_profit=-25.7 | import=77.0 export=51.4 | unmet=138 roll_unmet=136 | def_done=2.9/3 reward=-8123
2026-06-09 02:24:52 update 107/500 | profit=-26.1 roll_profit=-25.5 | import=76.8 export=50.7 | unmet=127 roll_unmet=134 | def_done=2.8/3 reward=-7780
2026-06-09 02:25:23 update 108/500 | profit=-27.9 roll_profit=-25.7 | import=80.7 export=52.8 | unmet=129 roll_unmet=134 | def_done=2.9/3 reward=-7836
2026-06-09 02:25:27 update 109/500 | profit=-28.9 roll_profit=-25.9 | import=78.1 export=49.2 | unmet=146 roll_unmet=136 | def_done=2.8/3 reward=-8607
2026-06-09 02:25:52 update 110/500 | profit=-20.0 roll_profit=-25.3 | import=73.6 export=53.6 | unmet=146 roll_unmet=137 | def_done=2.9/3 reward=-8637
2026-06-09 02:26:23 update 111/500 | profit=-25.8 roll_profit=-25.4 | import=76.5 export=50.7 | unmet=117 roll_unmet=135 | def_done=2.8/3 reward=-7344
2026-06-09 02:26:54 update 112/500 | profit=-22.5 roll_profit=-25.2 | import=75.1 export=52.6 | unmet=119 roll_unmet=134 | def_done=2.8/3 reward=-7748
2026-06-09 02:27:24 update 113/500 | profit=-27.3 roll_profit=-25.2 | import=76.1 export=48.8 | unmet=123 roll_unmet=133 | def_done=2.8/3 reward=-7449
2026-06-09 02:27:55 update 114/500 | profit=-22.9 roll_profit=-25.3 | import=75.1 export=52.2 | unmet=120 roll_unmet=131 | def_done=2.8/3 reward=-7305
2026-06-09 02:28:28 update 115/500 | profit=-24.9 roll_profit=-25.2 | import=75.4 export=50.5 | unmet=135 roll_unmet=130 | def_done=2.8/3 reward=-8331
2026-06-09 02:29:00 update 116/500 | profit=-26.0 roll_profit=-25.2 | import=78.8 export=52.8 | unmet=122 roll_unmet=128 | def_done=2.9/3 reward=-7571
2026-06-09 02:29:32 update 117/500 | profit=-18.4 roll_profit=-24.5 | import=74.6 export=56.1 | unmet=130 roll_unmet=129 | def_done=2.7/3 reward=-7899
2026-06-09 02:30:04 update 118/500 | profit=-21.7 roll_profit=-23.9 | import=75.8 export=54.1 | unmet=120 roll_unmet=128 | def_done=2.8/3 reward=-7838
2026-06-09 02:30:38 update 119/500 | profit=-24.6 roll_profit=-23.4 | import=75.6 export=51.0 | unmet=131 roll_unmet=126 | def_done=2.8/3 reward=-8056
2026-06-09 02:31:09 update 120/500 | profit=-21.7 roll_profit=-23.6 | import=73.7 export=52.0 | unmet=141 roll_unmet=126 | def_done=2.9/3 reward=-8319
2026-06-09 02:31:39 update 121/500 | profit=-25.8 roll_profit=-23.6 | import=78.2 export=52.4 | unmet=129 roll_unmet=127 | def_done=2.8/3 reward=-7897
2026-06-09 02:32:10 update 122/500 | profit=-24.7 roll_profit=-23.8 | import=76.5 export=51.8 | unmet=127 roll_unmet=128 | def_done=2.8/3 reward=-7762
2026-06-09 02:32:41 update 123/500 | profit=-26.5 roll_profit=-23.7 | import=77.4 export=50.8 | unmet=121 roll_unmet=128 | def_done=2.7/3 reward=-7678
2026-06-09 02:33:11 update 124/500 | profit=-21.9 roll_profit=-23.6 | import=74.6 export=52.7 | unmet=131 roll_unmet=129 | def_done=2.8/3 reward=-8082
2026-06-09 02:33:43 update 125/500 | profit=-20.1 roll_profit=-23.2 | import=73.9 export=53.8 | unmet=138 roll_unmet=129 | def_done=2.8/3 reward=-8598
2026-06-09 02:33:43 saved checkpoints
2026-06-09 02:33:47 update 126/500 | profit=-22.7 roll_profit=-22.8 | import=74.8 export=52.1 | unmet=131 roll_unmet=130 | def_done=2.8/3 reward=-7928
2026-06-09 02:34:12 update 127/500 | profit=-27.8 roll_profit=-23.8 | import=81.2 export=53.4 | unmet=133 roll_unmet=130 | def_done=2.8/3 reward=-7947
2026-06-09 02:34:48 update 128/500 | profit=-25.9 roll_profit=-24.2 | import=79.0 export=53.1 | unmet=126 roll_unmet=131 | def_done=2.8/3 reward=-7856
2026-06-09 02:35:20 update 129/500 | profit=-27.0 roll_profit=-24.4 | import=75.6 export=48.6 | unmet=129 roll_unmet=130 | def_done=2.7/3 reward=-7872
2026-06-09 02:35:33 update 130/500 | profit=-17.6 roll_profit=-24.0 | import=75.7 export=58.2 | unmet=135 roll_unmet=130 | def_done=2.7/3 reward=-8358
2026-06-09 02:35:38 update 131/500 | profit=-31.5 roll_profit=-24.6 | import=80.2 export=48.7 | unmet=127 roll_unmet=130 | def_done=2.8/3 reward=-7681
2026-06-09 02:35:43 update 132/500 | profit=-27.0 roll_profit=-24.8 | import=72.3 export=45.3 | unmet=127 roll_unmet=130 | def_done=2.8/3 reward=-7986
2026-06-09 02:36:16 update 133/500 | profit=-28.6 roll_profit=-25.0 | import=72.0 export=43.4 | unmet=137 roll_unmet=131 | def_done=2.8/3 reward=-7990
2026-06-09 02:36:47 update 134/500 | profit=-24.6 roll_profit=-25.3 | import=77.8 export=53.2 | unmet=136 roll_unmet=132 | def_done=2.8/3 reward=-8393
2026-06-09 02:37:17 update 135/500 | profit=-25.0 roll_profit=-25.8 | import=74.6 export=49.6 | unmet=128 roll_unmet=131 | def_done=2.8/3 reward=-7863
2026-06-09 02:37:49 update 136/500 | profit=-26.3 roll_profit=-26.1 | import=73.4 export=47.2 | unmet=128 roll_unmet=131 | def_done=2.7/3 reward=-8011
2026-06-09 02:38:21 update 137/500 | profit=-28.6 roll_profit=-26.2 | import=76.6 export=48.0 | unmet=129 roll_unmet=130 | def_done=2.7/3 reward=-8000
2026-06-09 02:38:31 update 138/500 | profit=-35.7 roll_profit=-27.2 | import=79.1 export=43.5 | unmet=127 roll_unmet=130 | def_done=2.8/3 reward=-8133
2026-06-09 02:38:46 update 139/500 | profit=-27.3 roll_profit=-27.2 | import=81.9 export=54.6 | unmet=126 roll_unmet=130 | def_done=2.7/3 reward=-7953
2026-06-09 02:39:17 update 140/500 | profit=-25.3 roll_profit=-28.0 | import=72.8 export=47.5 | unmet=137 roll_unmet=130 | def_done=2.8/3 reward=-8258
2026-06-09 02:39:49 update 141/500 | profit=-22.4 roll_profit=-27.1 | import=72.6 export=50.2 | unmet=141 roll_unmet=132 | def_done=2.8/3 reward=-8208
2026-06-09 02:40:20 update 142/500 | profit=-24.0 roll_profit=-26.8 | import=75.4 export=51.4 | unmet=141 roll_unmet=133 | def_done=2.8/3 reward=-8296
2026-06-09 02:40:55 update 143/500 | profit=-31.6 roll_profit=-27.1 | import=79.2 export=47.6 | unmet=128 roll_unmet=132 | def_done=2.8/3 reward=-7963
2026-06-09 02:40:59 update 144/500 | profit=-27.1 roll_profit=-27.3 | import=77.9 export=50.8 | unmet=128 roll_unmet=131 | def_done=2.9/3 reward=-7740
2026-06-09 02:41:20 update 145/500 | profit=-31.0 roll_profit=-27.9 | import=77.0 export=46.0 | unmet=118 roll_unmet=130 | def_done=2.9/3 reward=-7709
2026-06-09 02:41:51 update 146/500 | profit=-23.3 roll_profit=-27.6 | import=78.2 export=54.9 | unmet=138 roll_unmet=131 | def_done=2.9/3 reward=-8370
2026-06-09 02:42:22 update 147/500 | profit=-26.2 roll_profit=-27.4 | import=75.3 export=49.1 | unmet=134 roll_unmet=132 | def_done=2.9/3 reward=-7631
2026-06-09 02:42:53 update 148/500 | profit=-27.0 roll_profit=-26.5 | import=76.8 export=49.7 | unmet=132 roll_unmet=132 | def_done=3.0/3 reward=-8465
2026-06-09 02:43:23 update 149/500 | profit=-25.4 roll_profit=-26.3 | import=77.7 export=52.4 | unmet=122 roll_unmet=132 | def_done=3.0/3 reward=-7556
2026-06-09 02:43:28 update 150/500 | profit=-31.9 roll_profit=-27.0 | import=79.2 export=47.4 | unmet=122 roll_unmet=130 | def_done=2.8/3 reward=-7402
2026-06-09 02:43:28 saved checkpoints
2026-06-09 02:43:54 update 151/500 | profit=-33.6 roll_profit=-28.1 | import=77.1 export=43.5 | unmet=121 roll_unmet=128 | def_done=2.8/3 reward=-7462
2026-06-09 02:44:25 update 152/500 | profit=-26.9 roll_profit=-28.4 | import=77.9 export=51.0 | unmet=140 roll_unmet=128 | def_done=2.8/3 reward=-8080
2026-06-09 02:44:58 update 153/500 | profit=-29.5 roll_profit=-28.2 | import=78.5 export=49.0 | unmet=125 roll_unmet=128 | def_done=2.9/3 reward=-7653
2026-06-09 02:45:28 update 154/500 | profit=-25.0 roll_profit=-28.0 | import=78.8 export=53.7 | unmet=133 roll_unmet=128 | def_done=2.9/3 reward=-8125
2026-06-09 02:45:33 update 155/500 | profit=-26.0 roll_profit=-27.5 | import=77.1 export=51.1 | unmet=126 roll_unmet=129 | def_done=3.0/3 reward=-7773
2026-06-09 02:45:59 update 156/500 | profit=-28.3 roll_profit=-28.0 | import=77.1 export=48.9 | unmet=144 roll_unmet=130 | def_done=2.9/3 reward=-8853
2026-06-09 02:46:13 update 157/500 | profit=-26.8 roll_profit=-28.0 | import=76.0 export=49.2 | unmet=129 roll_unmet=129 | def_done=2.9/3 reward=-7933
2026-06-09 02:46:40 update 158/500 | profit=-29.4 roll_profit=-28.3 | import=78.8 export=49.4 | unmet=122 roll_unmet=128 | def_done=2.9/3 reward=-7656
2026-06-09 02:47:11 update 159/500 | profit=-19.3 roll_profit=-27.7 | import=71.2 export=52.0 | unmet=134 roll_unmet=130 | def_done=2.9/3 reward=-8283
2026-06-09 02:47:45 update 160/500 | profit=-22.7 roll_profit=-26.8 | import=77.3 export=54.6 | unmet=132 roll_unmet=131 | def_done=3.0/3 reward=-7826
2026-06-09 02:48:18 update 161/500 | profit=-25.9 roll_profit=-26.0 | import=80.0 export=54.0 | unmet=128 roll_unmet=131 | def_done=2.9/3 reward=-7795
2026-06-09 02:48:48 update 162/500 | profit=-30.5 roll_profit=-26.3 | import=78.6 export=48.1 | unmet=132 roll_unmet=130 | def_done=3.0/3 reward=-7745
2026-06-09 02:49:19 update 163/500 | profit=-23.1 roll_profit=-25.7 | import=77.7 export=54.6 | unmet=130 roll_unmet=131 | def_done=3.0/3 reward=-7814
2026-06-09 02:49:51 update 164/500 | profit=-26.8 roll_profit=-25.9 | import=79.8 export=53.0 | unmet=123 roll_unmet=130 | def_done=2.9/3 reward=-7553
2026-06-09 02:50:23 update 165/500 | profit=-24.8 roll_profit=-25.8 | import=75.6 export=50.7 | unmet=133 roll_unmet=131 | def_done=2.9/3 reward=-7832
2026-06-09 02:50:57 update 166/500 | profit=-34.8 roll_profit=-26.4 | import=81.2 export=46.4 | unmet=129 roll_unmet=129 | def_done=3.0/3 reward=-7870
2026-06-09 02:51:28 update 167/500 | profit=-28.1 roll_profit=-26.5 | import=77.1 export=49.0 | unmet=127 roll_unmet=129 | def_done=3.0/3 reward=-7877
2026-06-09 02:51:59 update 168/500 | profit=-33.3 roll_profit=-26.9 | import=81.1 export=47.8 | unmet=120 roll_unmet=129 | def_done=2.8/3 reward=-7630
2026-06-09 02:52:31 update 169/500 | profit=-32.2 roll_profit=-28.2 | import=78.0 export=45.8 | unmet=132 roll_unmet=128 | def_done=3.0/3 reward=-8056
2026-06-09 02:53:04 update 170/500 | profit=-28.5 roll_profit=-28.8 | import=77.3 export=48.9 | unmet=129 roll_unmet=128 | def_done=2.9/3 reward=-7996
2026-06-09 02:53:37 update 171/500 | profit=-31.4 roll_profit=-29.3 | import=79.9 export=48.6 | unmet=122 roll_unmet=128 | def_done=2.9/3 reward=-7411
2026-06-09 02:54:08 update 172/500 | profit=-32.0 roll_profit=-29.5 | import=77.5 export=45.5 | unmet=118 roll_unmet=126 | def_done=2.9/3 reward=-7214
2026-06-09 02:54:39 update 173/500 | profit=-31.4 roll_profit=-30.3 | import=79.2 export=47.8 | unmet=106 roll_unmet=124 | def_done=2.9/3 reward=-6792
2026-06-09 02:54:47 update 174/500 | profit=-17.9 roll_profit=-29.4 | import=77.0 export=59.1 | unmet=141 roll_unmet=126 | def_done=2.9/3 reward=-8367
2026-06-09 02:55:18 update 175/500 | profit=-23.8 roll_profit=-29.3 | import=76.8 export=53.0 | unmet=129 roll_unmet=125 | def_done=2.9/3 reward=-7986
2026-06-09 02:55:18 saved checkpoints
2026-06-09 02:55:22 update 176/500 | profit=-25.1 roll_profit=-28.4 | import=73.5 export=48.4 | unmet=125 roll_unmet=125 | def_done=2.9/3 reward=-7709
2026-06-09 02:55:49 update 177/500 | profit=-30.9 roll_profit=-28.6 | import=79.5 export=48.6 | unmet=127 roll_unmet=125 | def_done=2.9/3 reward=-7278
2026-06-09 02:56:20 update 178/500 | profit=-27.2 roll_profit=-28.0 | import=81.3 export=54.1 | unmet=120 roll_unmet=125 | def_done=3.0/3 reward=-7475
2026-06-09 02:56:52 update 179/500 | profit=-27.5 roll_profit=-27.6 | import=75.3 export=47.8 | unmet=121 roll_unmet=124 | def_done=2.9/3 reward=-7376
2026-06-09 02:57:22 update 180/500 | profit=-26.3 roll_profit=-27.3 | import=81.3 export=55.1 | unmet=134 roll_unmet=124 | def_done=2.9/3 reward=-7995
2026-06-09 02:57:55 update 181/500 | profit=-32.5 roll_profit=-27.5 | import=75.0 export=42.4 | unmet=118 roll_unmet=124 | def_done=2.9/3 reward=-7480
2026-06-09 02:58:27 update 182/500 | profit=-29.4 roll_profit=-27.2 | import=80.7 export=51.3 | unmet=121 roll_unmet=124 | def_done=3.0/3 reward=-7614
2026-06-09 02:59:01 update 183/500 | profit=-24.4 roll_profit=-26.5 | import=76.4 export=52.0 | unmet=130 roll_unmet=127 | def_done=2.9/3 reward=-7868
2026-06-09 02:59:36 update 184/500 | profit=-32.5 roll_profit=-28.0 | import=82.4 export=49.9 | unmet=129 roll_unmet=125 | def_done=2.9/3 reward=-7894
2026-06-09 03:00:08 update 185/500 | profit=-31.1 roll_profit=-28.7 | import=78.1 export=47.0 | unmet=121 roll_unmet=125 | def_done=3.0/3 reward=-7676
2026-06-09 03:00:39 update 186/500 | profit=-27.7 roll_profit=-29.0 | import=79.6 export=51.9 | unmet=119 roll_unmet=124 | def_done=2.9/3 reward=-7151
2026-06-09 03:01:09 update 187/500 | profit=-20.7 roll_profit=-27.9 | import=70.2 export=49.4 | unmet=133 roll_unmet=125 | def_done=3.0/3 reward=-7599
2026-06-09 03:01:40 update 188/500 | profit=-25.3 roll_profit=-27.7 | import=75.5 export=50.2 | unmet=141 roll_unmet=127 | def_done=2.9/3 reward=-8500
2026-06-09 03:02:11 update 189/500 | profit=-33.2 roll_profit=-28.3 | import=80.5 export=47.4 | unmet=126 roll_unmet=127 | def_done=2.9/3 reward=-7631
2026-06-09 03:02:49 update 190/500 | profit=-29.9 roll_profit=-28.7 | import=77.3 export=47.4 | unmet=135 roll_unmet=127 | def_done=2.9/3 reward=-8213
2026-06-09 03:03:19 update 191/500 | profit=-23.5 roll_profit=-27.8 | import=77.5 export=54.1 | unmet=117 roll_unmet=127 | def_done=2.9/3 reward=-7612
2026-06-09 03:03:49 update 192/500 | profit=-34.0 roll_profit=-28.2 | import=78.8 export=44.8 | unmet=116 roll_unmet=127 | def_done=2.9/3 reward=-7139
2026-06-09 03:04:20 update 193/500 | profit=-31.4 roll_profit=-28.9 | import=79.3 export=47.9 | unmet=116 roll_unmet=125 | def_done=2.9/3 reward=-7329
2026-06-09 03:04:54 update 194/500 | profit=-28.3 roll_profit=-28.5 | import=77.6 export=49.3 | unmet=120 roll_unmet=124 | def_done=2.8/3 reward=-7662
2026-06-09 03:05:25 update 195/500 | profit=-20.9 roll_profit=-27.5 | import=73.6 export=52.8 | unmet=131 roll_unmet=125 | def_done=3.0/3 reward=-7502
2026-06-09 03:05:56 update 196/500 | profit=-32.6 roll_profit=-28.0 | import=80.7 export=48.0 | unmet=121 roll_unmet=126 | def_done=3.0/3 reward=-7786
2026-06-09 03:06:26 update 197/500 | profit=-27.7 roll_profit=-28.7 | import=76.7 export=49.1 | unmet=133 roll_unmet=126 | def_done=2.9/3 reward=-8259
2026-06-09 03:06:58 update 198/500 | profit=-27.3 roll_profit=-28.9 | import=77.8 export=50.5 | unmet=119 roll_unmet=123 | def_done=3.0/3 reward=-7278
2026-06-09 03:07:28 update 199/500 | profit=-31.9 roll_profit=-28.7 | import=77.6 export=45.7 | unmet=118 roll_unmet=123 | def_done=3.0/3 reward=-7424
2026-06-09 03:07:59 update 200/500 | profit=-32.3 roll_profit=-29.0 | import=78.9 export=46.6 | unmet=120 roll_unmet=121 | def_done=2.9/3 reward=-7471
2026-06-09 03:07:59 saved checkpoints
2026-06-09 03:08:32 update 201/500 | profit=-27.3 roll_profit=-29.4 | import=77.8 export=50.5 | unmet=120 roll_unmet=122 | def_done=2.9/3 reward=-7645
2026-06-09 03:09:04 update 202/500 | profit=-33.2 roll_profit=-29.3 | import=80.2 export=47.1 | unmet=112 roll_unmet=121 | def_done=2.9/3 reward=-6861
2026-06-09 03:09:34 update 203/500 | profit=-25.8 roll_profit=-28.7 | import=76.8 export=51.0 | unmet=124 roll_unmet=122 | def_done=3.0/3 reward=-7686
2026-06-09 03:10:06 update 204/500 | profit=-26.3 roll_profit=-28.5 | import=75.2 export=49.0 | unmet=117 roll_unmet=122 | def_done=2.9/3 reward=-7333
2026-06-09 03:10:41 update 205/500 | profit=-26.7 roll_profit=-29.1 | import=77.7 export=50.9 | unmet=134 roll_unmet=122 | def_done=2.9/3 reward=-8005
2026-06-09 03:11:13 update 206/500 | profit=-32.4 roll_profit=-29.1 | import=81.0 export=48.6 | unmet=109 roll_unmet=121 | def_done=3.0/3 reward=-7008
2026-06-09 03:11:44 update 207/500 | profit=-23.0 roll_profit=-28.6 | import=78.8 export=55.8 | unmet=133 roll_unmet=121 | def_done=3.0/3 reward=-7823
2026-06-09 03:12:15 update 208/500 | profit=-24.2 roll_profit=-28.3 | import=77.8 export=53.6 | unmet=131 roll_unmet=122 | def_done=2.9/3 reward=-8083
2026-06-09 03:12:20 update 209/500 | profit=-28.8 roll_profit=-28.0 | import=78.0 export=49.2 | unmet=126 roll_unmet=123 | def_done=3.0/3 reward=-7889
2026-06-09 03:12:26 update 210/500 | profit=-26.2 roll_profit=-27.4 | import=77.0 export=50.7 | unmet=109 roll_unmet=121 | def_done=2.9/3 reward=-6944
2026-06-09 03:12:57 update 211/500 | profit=-27.7 roll_profit=-27.4 | import=79.8 export=52.1 | unmet=124 roll_unmet=122 | def_done=3.0/3 reward=-7471
2026-06-09 03:13:28 update 212/500 | profit=-31.4 roll_profit=-27.3 | import=77.4 export=46.0 | unmet=127 roll_unmet=123 | def_done=2.9/3 reward=-7903
2026-06-09 03:13:32 update 213/500 | profit=-29.2 roll_profit=-27.6 | import=76.7 export=47.5 | unmet=124 roll_unmet=123 | def_done=3.0/3 reward=-7845
2026-06-09 03:13:56 update 214/500 | profit=-26.3 roll_profit=-27.6 | import=80.8 export=54.5 | unmet=111 roll_unmet=123 | def_done=2.9/3 reward=-7044
2026-06-09 03:14:00 update 215/500 | profit=-26.5 roll_profit=-27.6 | import=74.1 export=47.6 | unmet=125 roll_unmet=122 | def_done=2.9/3 reward=-7615
2026-06-09 03:14:28 update 216/500 | profit=-29.6 roll_profit=-27.3 | import=74.3 export=44.8 | unmet=119 roll_unmet=123 | def_done=3.0/3 reward=-7259
2026-06-09 03:15:00 update 217/500 | profit=-33.2 roll_profit=-28.3 | import=76.7 export=43.5 | unmet=148 roll_unmet=124 | def_done=2.9/3 reward=-8548
2026-06-09 03:15:31 update 218/500 | profit=-23.5 roll_profit=-28.2 | import=75.6 export=52.1 | unmet=129 roll_unmet=124 | def_done=3.0/3 reward=-7854
2026-06-09 03:16:03 update 219/500 | profit=-30.0 roll_profit=-28.4 | import=81.4 export=51.4 | unmet=114 roll_unmet=123 | def_done=2.8/3 reward=-7285
2026-06-09 03:16:35 update 220/500 | profit=-32.2 roll_profit=-29.0 | import=78.7 export=46.5 | unmet=119 roll_unmet=124 | def_done=3.0/3 reward=-7394
2026-06-09 03:17:08 update 221/500 | profit=-31.7 roll_profit=-29.4 | import=78.6 export=46.9 | unmet=127 roll_unmet=124 | def_done=3.0/3 reward=-7275
2026-06-09 03:17:39 update 222/500 | profit=-30.2 roll_profit=-29.2 | import=76.8 export=46.6 | unmet=120 roll_unmet=124 | def_done=3.0/3 reward=-7370
2026-06-09 03:18:10 update 223/500 | profit=-26.3 roll_profit=-29.0 | import=78.8 export=52.5 | unmet=112 roll_unmet=122 | def_done=3.0/3 reward=-6986
2026-06-09 03:18:42 update 224/500 | profit=-29.2 roll_profit=-29.2 | import=78.5 export=49.2 | unmet=120 roll_unmet=123 | def_done=3.0/3 reward=-7481
2026-06-09 03:18:47 update 225/500 | profit=-27.8 roll_profit=-29.4 | import=78.3 export=50.5 | unmet=111 roll_unmet=122 | def_done=2.9/3 reward=-7004
2026-06-09 03:18:47 saved checkpoints
2026-06-09 03:19:10 update 226/500 | profit=-30.3 roll_profit=-29.4 | import=80.5 export=50.3 | unmet=107 roll_unmet=121 | def_done=3.0/3 reward=-6924
2026-06-09 03:19:42 update 227/500 | profit=-36.5 roll_profit=-29.8 | import=80.7 export=44.2 | unmet=113 roll_unmet=117 | def_done=2.9/3 reward=-7116
2026-06-09 03:20:14 update 228/500 | profit=-28.0 roll_profit=-30.2 | import=78.3 export=50.3 | unmet=112 roll_unmet=116 | def_done=2.8/3 reward=-7421
2026-06-09 03:20:21 update 229/500 | profit=-30.8 roll_profit=-30.3 | import=77.4 export=46.6 | unmet=133 roll_unmet=118 | def_done=2.9/3 reward=-8355
2026-06-09 03:20:55 update 230/500 | profit=-23.1 roll_profit=-29.4 | import=78.3 export=55.2 | unmet=112 roll_unmet=117 | def_done=3.0/3 reward=-6811
2026-06-09 03:21:25 update 231/500 | profit=-29.3 roll_profit=-29.1 | import=77.1 export=47.8 | unmet=122 roll_unmet=116 | def_done=2.9/3 reward=-7431
2026-06-09 03:21:57 update 232/500 | profit=-28.0 roll_profit=-28.9 | import=77.2 export=49.2 | unmet=117 roll_unmet=116 | def_done=2.9/3 reward=-7328
2026-06-09 03:22:29 update 233/500 | profit=-27.6 roll_profit=-29.1 | import=76.8 export=49.3 | unmet=108 roll_unmet=116 | def_done=3.0/3 reward=-6691
2026-06-09 03:22:42 update 234/500 | profit=-32.5 roll_profit=-29.4 | import=79.5 export=47.0 | unmet=124 roll_unmet=116 | def_done=2.9/3 reward=-7467
2026-06-09 03:23:14 update 235/500 | profit=-33.1 roll_profit=-29.9 | import=82.7 export=49.7 | unmet=117 roll_unmet=117 | def_done=3.0/3 reward=-7631
2026-06-09 03:23:18 update 236/500 | profit=-23.9 roll_profit=-29.3 | import=76.9 export=53.1 | unmet=137 roll_unmet=119 | def_done=3.0/3 reward=-7946
2026-06-09 03:23:49 update 237/500 | profit=-33.7 roll_profit=-29.0 | import=78.5 export=44.8 | unmet=114 roll_unmet=120 | def_done=3.0/3 reward=-6803
2026-06-09 03:24:22 update 238/500 | profit=-24.4 roll_profit=-28.6 | import=76.1 export=51.7 | unmet=119 roll_unmet=120 | def_done=2.9/3 reward=-7352
2026-06-09 03:24:56 update 239/500 | profit=-30.2 roll_profit=-28.6 | import=75.7 export=45.5 | unmet=119 roll_unmet=119 | def_done=3.0/3 reward=-7059
2026-06-09 03:25:27 update 240/500 | profit=-31.6 roll_profit=-29.4 | import=74.4 export=42.8 | unmet=125 roll_unmet=120 | def_done=2.9/3 reward=-7629
2026-06-09 03:25:58 update 241/500 | profit=-25.5 roll_profit=-29.1 | import=74.9 export=49.4 | unmet=124 roll_unmet=120 | def_done=3.0/3 reward=-7423
2026-06-09 03:26:31 update 242/500 | profit=-30.4 roll_profit=-29.3 | import=81.3 export=50.9 | unmet=119 roll_unmet=121 | def_done=2.9/3 reward=-7579
2026-06-09 03:27:04 update 243/500 | profit=-33.0 roll_profit=-29.8 | import=80.1 export=47.1 | unmet=118 roll_unmet=122 | def_done=3.0/3 reward=-7313
2026-06-09 03:27:35 update 244/500 | profit=-31.5 roll_profit=-29.7 | import=82.4 export=50.9 | unmet=115 roll_unmet=121 | def_done=2.9/3 reward=-6986
2026-06-09 03:28:06 update 245/500 | profit=-28.6 roll_profit=-29.3 | import=77.7 export=49.1 | unmet=118 roll_unmet=121 | def_done=2.9/3 reward=-7477
2026-06-09 03:28:11 update 246/500 | profit=-29.5 roll_profit=-29.8 | import=76.8 export=47.3 | unmet=111 roll_unmet=118 | def_done=3.0/3 reward=-6846
2026-06-09 03:28:42 update 247/500 | profit=-29.3 roll_profit=-29.4 | import=78.2 export=48.9 | unmet=125 roll_unmet=119 | def_done=2.9/3 reward=-7821
2026-06-09 03:29:13 update 248/500 | profit=-28.1 roll_profit=-29.8 | import=79.8 export=51.8 | unmet=130 roll_unmet=120 | def_done=2.9/3 reward=-7354
2026-06-09 03:29:45 update 249/500 | profit=-26.7 roll_profit=-29.4 | import=74.3 export=47.6 | unmet=122 roll_unmet=121 | def_done=3.0/3 reward=-7406
2026-06-09 03:29:59 update 250/500 | profit=-28.3 roll_profit=-29.1 | import=77.0 export=48.7 | unmet=101 roll_unmet=118 | def_done=2.9/3 reward=-6510
2026-06-09 03:29:59 saved checkpoints
2026-06-09 03:30:13 update 251/500 | profit=-25.1 roll_profit=-29.0 | import=75.1 export=50.0 | unmet=119 roll_unmet=118 | def_done=2.9/3 reward=-7430
2026-06-09 03:30:46 update 252/500 | profit=-29.4 roll_profit=-28.9 | import=80.9 export=51.6 | unmet=113 roll_unmet=117 | def_done=2.9/3 reward=-6845
2026-06-09 03:31:16 update 253/500 | profit=-27.4 roll_profit=-28.4 | import=75.8 export=48.4 | unmet=119 roll_unmet=117 | def_done=3.0/3 reward=-7474
2026-06-09 03:31:47 update 254/500 | profit=-32.9 roll_profit=-28.5 | import=81.7 export=48.8 | unmet=117 roll_unmet=118 | def_done=2.9/3 reward=-7179
2026-06-09 03:32:25 update 255/500 | profit=-29.7 roll_profit=-28.6 | import=80.7 export=50.9 | unmet=126 roll_unmet=118 | def_done=2.9/3 reward=-7668
2026-06-09 03:32:59 update 256/500 | profit=-19.0 roll_profit=-27.6 | import=76.8 export=57.8 | unmet=127 roll_unmet=120 | def_done=2.9/3 reward=-7751
2026-06-09 03:33:29 update 257/500 | profit=-33.8 roll_profit=-28.0 | import=80.6 export=46.7 | unmet=105 roll_unmet=118 | def_done=2.9/3 reward=-6712
2026-06-09 03:34:00 update 258/500 | profit=-28.9 roll_profit=-28.1 | import=79.3 export=50.4 | unmet=127 roll_unmet=118 | def_done=3.0/3 reward=-7748
2026-06-09 03:34:30 update 259/500 | profit=-26.2 roll_profit=-28.1 | import=76.3 export=50.1 | unmet=128 roll_unmet=118 | def_done=3.0/3 reward=-7942
2026-06-09 03:35:03 update 260/500 | profit=-37.7 roll_profit=-29.0 | import=80.5 export=42.8 | unmet=121 roll_unmet=120 | def_done=3.0/3 reward=-7239
2026-06-09 03:35:38 update 261/500 | profit=-31.1 roll_profit=-29.6 | import=79.8 export=48.7 | unmet=113 roll_unmet=120 | def_done=3.0/3 reward=-7279
2026-06-09 03:36:09 update 262/500 | profit=-27.8 roll_profit=-29.5 | import=77.3 export=49.5 | unmet=129 roll_unmet=121 | def_done=2.9/3 reward=-7862
2026-06-09 03:36:40 update 263/500 | profit=-31.5 roll_profit=-29.9 | import=81.1 export=49.7 | unmet=134 roll_unmet=123 | def_done=3.0/3 reward=-7913
2026-06-09 03:37:11 update 264/500 | profit=-31.1 roll_profit=-29.7 | import=75.8 export=44.7 | unmet=111 roll_unmet=122 | def_done=2.9/3 reward=-6938
2026-06-09 03:37:42 update 265/500 | profit=-28.4 roll_profit=-29.6 | import=78.9 export=50.5 | unmet=116 roll_unmet=121 | def_done=2.9/3 reward=-7437
2026-06-09 03:38:13 update 266/500 | profit=-30.3 roll_profit=-30.7 | import=79.7 export=49.4 | unmet=104 roll_unmet=119 | def_done=3.0/3 reward=-6548
2026-06-09 03:38:43 update 267/500 | profit=-27.4 roll_profit=-30.1 | import=75.1 export=47.7 | unmet=123 roll_unmet=121 | def_done=2.9/3 reward=-7209
2026-06-09 03:39:13 update 268/500 | profit=-33.3 roll_profit=-30.5 | import=81.0 export=47.7 | unmet=110 roll_unmet=119 | def_done=2.9/3 reward=-6946
2026-06-09 03:39:45 update 269/500 | profit=-30.1 roll_profit=-30.9 | import=76.5 export=46.3 | unmet=123 roll_unmet=119 | def_done=3.0/3 reward=-7789
2026-06-09 03:40:16 update 270/500 | profit=-26.3 roll_profit=-29.7 | import=79.0 export=52.7 | unmet=122 roll_unmet=119 | def_done=2.9/3 reward=-7510
2026-06-09 03:40:22 update 271/500 | profit=-24.6 roll_profit=-29.1 | import=77.3 export=52.7 | unmet=115 roll_unmet=119 | def_done=2.9/3 reward=-7172
2026-06-09 03:40:55 update 272/500 | profit=-34.6 roll_profit=-29.8 | import=81.1 export=46.5 | unmet=124 roll_unmet=118 | def_done=2.9/3 reward=-7402
2026-06-09 03:41:25 update 273/500 | profit=-26.4 roll_profit=-29.3 | import=79.0 export=52.6 | unmet=112 roll_unmet=116 | def_done=2.9/3 reward=-7153
2026-06-09 03:41:59 update 274/500 | profit=-27.4 roll_profit=-28.9 | import=76.4 export=48.9 | unmet=119 roll_unmet=117 | def_done=2.8/3 reward=-7347
2026-06-09 03:42:32 update 275/500 | profit=-31.6 roll_profit=-29.2 | import=81.3 export=49.6 | unmet=128 roll_unmet=118 | def_done=2.8/3 reward=-7505
2026-06-09 03:42:32 saved checkpoints
2026-06-09 03:43:04 update 276/500 | profit=-37.7 roll_profit=-30.0 | import=81.3 export=43.6 | unmet=121 roll_unmet=120 | def_done=2.9/3 reward=-7581
2026-06-09 03:43:35 update 277/500 | profit=-29.7 roll_profit=-30.2 | import=77.2 export=47.6 | unmet=124 roll_unmet=120 | def_done=2.9/3 reward=-7696
2026-06-09 03:44:05 update 278/500 | profit=-28.8 roll_profit=-29.7 | import=77.9 export=49.2 | unmet=109 roll_unmet=120 | def_done=2.9/3 reward=-6962
2026-06-09 03:44:39 update 279/500 | profit=-25.3 roll_profit=-29.2 | import=75.9 export=50.6 | unmet=114 roll_unmet=119 | def_done=2.9/3 reward=-7186
2026-06-09 03:45:10 update 280/500 | profit=-32.9 roll_profit=-29.9 | import=81.5 export=48.6 | unmet=113 roll_unmet=118 | def_done=2.9/3 reward=-6844
2026-06-09 03:45:42 update 281/500 | profit=-29.7 roll_profit=-30.4 | import=76.4 export=46.7 | unmet=122 roll_unmet=118 | def_done=3.0/3 reward=-7380
2026-06-09 03:45:47 update 282/500 | profit=-31.0 roll_profit=-30.1 | import=76.2 export=45.2 | unmet=119 roll_unmet=118 | def_done=2.9/3 reward=-7436
2026-06-09 03:46:10 update 283/500 | profit=-28.0 roll_profit=-30.2 | import=77.7 export=49.7 | unmet=115 roll_unmet=118 | def_done=3.0/3 reward=-6983
2026-06-09 03:46:43 update 284/500 | profit=-36.1 roll_profit=-31.1 | import=81.8 export=45.7 | unmet=116 roll_unmet=118 | def_done=2.9/3 reward=-7384
2026-06-09 03:46:47 update 285/500 | profit=-32.4 roll_profit=-31.1 | import=79.5 export=47.1 | unmet=114 roll_unmet=117 | def_done=2.9/3 reward=-7249
2026-06-09 03:47:13 update 286/500 | profit=-32.3 roll_profit=-30.6 | import=80.1 export=47.8 | unmet=117 roll_unmet=116 | def_done=3.0/3 reward=-7081
2026-06-09 03:47:47 update 287/500 | profit=-31.2 roll_profit=-30.8 | import=79.0 export=47.8 | unmet=104 roll_unmet=114 | def_done=3.0/3 reward=-6399
2026-06-09 03:48:18 update 288/500 | profit=-31.6 roll_profit=-31.0 | import=82.2 export=50.6 | unmet=114 roll_unmet=115 | def_done=2.9/3 reward=-7234
2026-06-09 03:48:53 update 289/500 | profit=-34.1 roll_profit=-31.9 | import=79.9 export=45.8 | unmet=116 roll_unmet=115 | def_done=2.9/3 reward=-7158
2026-06-09 03:49:24 update 290/500 | profit=-29.1 roll_profit=-31.5 | import=78.9 export=49.8 | unmet=113 roll_unmet=115 | def_done=2.9/3 reward=-6874
2026-06-09 03:49:55 update 291/500 | profit=-29.6 roll_profit=-31.5 | import=77.1 export=47.5 | unmet=124 roll_unmet=115 | def_done=2.9/3 reward=-7757
2026-06-09 03:50:28 update 292/500 | profit=-31.1 roll_profit=-31.5 | import=75.7 export=44.6 | unmet=120 roll_unmet=115 | def_done=2.9/3 reward=-7344
2026-06-09 03:51:01 update 293/500 | profit=-28.7 roll_profit=-31.6 | import=76.0 export=47.2 | unmet=126 roll_unmet=116 | def_done=2.9/3 reward=-7468
2026-06-09 03:51:32 update 294/500 | profit=-26.6 roll_profit=-30.7 | import=77.3 export=50.7 | unmet=112 roll_unmet=116 | def_done=2.9/3 reward=-6677
2026-06-09 03:52:04 update 295/500 | profit=-36.7 roll_profit=-31.1 | import=80.5 export=43.8 | unmet=105 roll_unmet=115 | def_done=2.9/3 reward=-6732
2026-06-09 03:52:36 update 296/500 | profit=-34.0 roll_profit=-31.3 | import=79.4 export=45.4 | unmet=109 roll_unmet=114 | def_done=2.9/3 reward=-6796
2026-06-09 03:52:45 update 297/500 | profit=-32.6 roll_profit=-31.4 | import=78.3 export=45.7 | unmet=104 roll_unmet=114 | def_done=2.9/3 reward=-6760
2026-06-09 03:53:15 update 298/500 | profit=-32.8 roll_profit=-31.5 | import=80.7 export=47.9 | unmet=126 roll_unmet=115 | def_done=2.8/3 reward=-7904
2026-06-09 03:53:47 update 299/500 | profit=-30.7 roll_profit=-31.2 | import=80.5 export=49.8 | unmet=106 roll_unmet=114 | def_done=2.7/3 reward=-6910
2026-06-09 03:53:51 update 300/500 | profit=-29.7 roll_profit=-31.2 | import=80.4 export=50.7 | unmet=117 roll_unmet=115 | def_done=2.9/3 reward=-7178
2026-06-09 03:53:51 saved checkpoints
2026-06-09 03:54:17 update 301/500 | profit=-29.5 roll_profit=-31.2 | import=79.1 export=49.6 | unmet=104 roll_unmet=113 | def_done=2.7/3 reward=-6755
2026-06-09 03:54:49 update 302/500 | profit=-35.3 roll_profit=-31.7 | import=77.7 export=42.4 | unmet=113 roll_unmet=112 | def_done=2.8/3 reward=-7239
2026-06-09 03:54:54 update 303/500 | profit=-27.9 roll_profit=-31.6 | import=75.3 export=47.4 | unmet=125 roll_unmet=112 | def_done=2.7/3 reward=-7818
2026-06-09 03:55:22 update 304/500 | profit=-31.5 roll_profit=-32.1 | import=83.5 export=52.0 | unmet=104 roll_unmet=111 | def_done=2.8/3 reward=-6684
2026-06-09 03:55:52 update 305/500 | profit=-32.3 roll_profit=-31.6 | import=78.5 export=46.2 | unmet=123 roll_unmet=113 | def_done=2.8/3 reward=-7768
2026-06-09 03:56:23 update 306/500 | profit=-34.7 roll_profit=-31.7 | import=77.5 export=42.8 | unmet=114 roll_unmet=114 | def_done=2.7/3 reward=-7653
2026-06-09 03:56:53 update 307/500 | profit=-34.4 roll_profit=-31.9 | import=81.2 export=46.8 | unmet=112 roll_unmet=114 | def_done=2.7/3 reward=-7429
2026-06-09 03:57:24 update 308/500 | profit=-25.5 roll_profit=-31.1 | import=79.4 export=53.9 | unmet=121 roll_unmet=114 | def_done=2.8/3 reward=-7415
2026-06-09 03:57:55 update 309/500 | profit=-22.6 roll_profit=-30.3 | import=77.4 export=54.8 | unmet=109 roll_unmet=114 | def_done=2.8/3 reward=-6875
2026-06-09 03:58:26 update 310/500 | profit=-27.4 roll_profit=-30.1 | import=76.7 export=49.3 | unmet=109 roll_unmet=113 | def_done=2.8/3 reward=-7136
2026-06-09 03:58:59 update 311/500 | profit=-31.7 roll_profit=-30.3 | import=74.8 export=43.2 | unmet=115 roll_unmet=114 | def_done=2.7/3 reward=-7759
2026-06-09 03:59:04 update 312/500 | profit=-30.8 roll_profit=-29.9 | import=81.1 export=50.3 | unmet=117 roll_unmet=115 | def_done=2.8/3 reward=-7303
2026-06-09 03:59:32 update 313/500 | profit=-35.9 roll_profit=-30.7 | import=78.3 export=42.4 | unmet=107 roll_unmet=113 | def_done=2.9/3 reward=-6610
2026-06-09 04:00:03 update 314/500 | profit=-28.0 roll_profit=-30.3 | import=75.4 export=47.4 | unmet=110 roll_unmet=114 | def_done=2.9/3 reward=-7010
2026-06-09 04:00:34 update 315/500 | profit=-36.5 roll_profit=-30.7 | import=79.3 export=42.8 | unmet=114 roll_unmet=113 | def_done=2.9/3 reward=-6862
2026-06-09 04:01:06 update 316/500 | profit=-34.3 roll_profit=-30.7 | import=81.2 export=46.9 | unmet=113 roll_unmet=113 | def_done=3.0/3 reward=-6886
2026-06-09 04:01:38 update 317/500 | profit=-29.9 roll_profit=-30.3 | import=75.6 export=45.7 | unmet=110 roll_unmet=113 | def_done=2.9/3 reward=-6973
2026-06-09 04:02:08 update 318/500 | profit=-28.3 roll_profit=-30.5 | import=77.8 export=49.5 | unmet=130 roll_unmet=113 | def_done=2.8/3 reward=-7572
2026-06-09 04:02:41 update 319/500 | profit=-29.6 roll_profit=-31.2 | import=77.8 export=48.3 | unmet=100 roll_unmet=113 | def_done=2.9/3 reward=-6260
2026-06-09 04:02:49 update 320/500 | profit=-34.8 roll_profit=-32.0 | import=78.8 export=44.0 | unmet=111 roll_unmet=113 | def_done=3.0/3 reward=-6905
2026-06-09 04:03:19 update 321/500 | profit=-33.9 roll_profit=-32.2 | import=76.9 export=43.0 | unmet=120 roll_unmet=113 | def_done=2.8/3 reward=-7646
2026-06-09 04:03:50 update 322/500 | profit=-33.0 roll_profit=-32.4 | import=80.3 export=47.3 | unmet=114 roll_unmet=113 | def_done=2.8/3 reward=-6947
2026-06-09 04:03:55 update 323/500 | profit=-27.1 roll_profit=-31.5 | import=76.7 export=49.7 | unmet=111 roll_unmet=113 | def_done=2.9/3 reward=-6900
2026-06-09 04:04:23 update 324/500 | profit=-29.1 roll_profit=-31.6 | import=81.4 export=52.3 | unmet=103 roll_unmet=113 | def_done=3.0/3 reward=-6378
2026-06-09 04:04:56 update 325/500 | profit=-24.6 roll_profit=-30.4 | import=76.4 export=51.8 | unmet=112 roll_unmet=112 | def_done=2.9/3 reward=-7086
2026-06-09 04:04:56 saved checkpoints
2026-06-09 04:05:01 update 326/500 | profit=-33.9 roll_profit=-30.4 | import=81.7 export=47.8 | unmet=119 roll_unmet=113 | def_done=3.0/3 reward=-7408
2026-06-09 04:05:29 update 327/500 | profit=-27.4 roll_profit=-30.1 | import=74.5 export=47.1 | unmet=108 roll_unmet=113 | def_done=2.8/3 reward=-6789
2026-06-09 04:05:33 update 328/500 | profit=-29.4 roll_profit=-30.3 | import=79.3 export=49.9 | unmet=115 roll_unmet=111 | def_done=2.9/3 reward=-7508
2026-06-09 04:05:56 update 329/500 | profit=-29.0 roll_profit=-30.2 | import=77.0 export=48.0 | unmet=112 roll_unmet=112 | def_done=2.8/3 reward=-7144
2026-06-09 04:06:27 update 330/500 | profit=-38.7 roll_profit=-30.6 | import=80.3 export=41.6 | unmet=103 roll_unmet=112 | def_done=3.0/3 reward=-6615
2026-06-09 04:06:59 update 331/500 | profit=-25.9 roll_profit=-29.8 | import=81.2 export=55.3 | unmet=115 roll_unmet=111 | def_done=3.0/3 reward=-7346
2026-06-09 04:07:30 update 332/500 | profit=-36.7 roll_profit=-30.2 | import=82.3 export=45.6 | unmet=102 roll_unmet=110 | def_done=2.9/3 reward=-6568
2026-06-09 04:08:00 update 333/500 | profit=-36.1 roll_profit=-31.1 | import=80.4 export=44.3 | unmet=125 roll_unmet=111 | def_done=2.9/3 reward=-7370
2026-06-09 04:08:05 update 334/500 | profit=-36.8 roll_profit=-31.8 | import=82.8 export=46.0 | unmet=118 roll_unmet=113 | def_done=2.9/3 reward=-7204
2026-06-09 04:08:35 update 335/500 | profit=-31.1 roll_profit=-32.5 | import=77.3 export=46.2 | unmet=106 roll_unmet=112 | def_done=2.8/3 reward=-6805
2026-06-09 04:08:50 update 336/500 | profit=-34.4 roll_profit=-32.6 | import=82.0 export=47.6 | unmet=101 roll_unmet=110 | def_done=3.0/3 reward=-6521
2026-06-09 04:09:21 update 337/500 | profit=-31.4 roll_profit=-33.0 | import=78.6 export=47.2 | unmet=117 roll_unmet=111 | def_done=3.0/3 reward=-6897
2026-06-09 04:09:27 update 338/500 | profit=-36.9 roll_profit=-33.7 | import=83.1 export=46.2 | unmet=111 roll_unmet=111 | def_done=2.9/3 reward=-6939
2026-06-09 04:09:59 update 339/500 | profit=-27.5 roll_profit=-33.6 | import=82.1 export=54.6 | unmet=113 roll_unmet=111 | def_done=2.8/3 reward=-7164
2026-06-09 04:10:33 update 340/500 | profit=-31.5 roll_profit=-32.8 | import=78.7 export=47.1 | unmet=121 roll_unmet=113 | def_done=2.9/3 reward=-7228
2026-06-09 04:11:07 update 341/500 | profit=-34.6 roll_profit=-33.7 | import=83.3 export=48.7 | unmet=101 roll_unmet=111 | def_done=3.0/3 reward=-6589
2026-06-09 04:11:12 update 342/500 | profit=-32.9 roll_profit=-33.3 | import=81.0 export=48.1 | unmet=112 roll_unmet=112 | def_done=2.9/3 reward=-6881
2026-06-09 04:11:42 update 343/500 | profit=-34.5 roll_profit=-33.2 | import=80.9 export=46.4 | unmet=121 roll_unmet=112 | def_done=2.9/3 reward=-7093
2026-06-09 04:12:18 update 344/500 | profit=-32.5 roll_profit=-32.7 | import=79.1 export=46.7 | unmet=118 roll_unmet=112 | def_done=2.9/3 reward=-7079
2026-06-09 04:12:51 update 345/500 | profit=-30.3 roll_profit=-32.6 | import=78.3 export=48.0 | unmet=109 roll_unmet=112 | def_done=2.9/3 reward=-6770
2026-06-09 04:13:21 update 346/500 | profit=-28.8 roll_profit=-32.1 | import=80.0 export=51.2 | unmet=121 roll_unmet=114 | def_done=2.9/3 reward=-7612
2026-06-09 04:13:52 update 347/500 | profit=-36.6 roll_profit=-32.6 | import=87.1 export=50.5 | unmet=102 roll_unmet=113 | def_done=2.9/3 reward=-6645
2026-06-09 04:14:24 update 348/500 | profit=-34.8 roll_profit=-32.4 | import=81.6 export=46.8 | unmet=114 roll_unmet=113 | def_done=2.8/3 reward=-7420
2026-06-09 04:14:56 update 349/500 | profit=-24.2 roll_profit=-32.1 | import=77.8 export=53.7 | unmet=110 roll_unmet=113 | def_done=2.8/3 reward=-7157
2026-06-09 04:15:00 update 350/500 | profit=-37.4 roll_profit=-32.6 | import=78.0 export=40.6 | unmet=119 roll_unmet=113 | def_done=2.9/3 reward=-7182
2026-06-09 04:15:00 saved checkpoints
2026-06-09 04:15:28 update 351/500 | profit=-27.4 roll_profit=-31.9 | import=77.2 export=49.9 | unmet=115 roll_unmet=114 | def_done=3.0/3 reward=-7108
2026-06-09 04:16:00 update 352/500 | profit=-32.5 roll_profit=-31.9 | import=78.5 export=46.0 | unmet=108 roll_unmet=114 | def_done=3.0/3 reward=-6750
2026-06-09 04:16:32 update 353/500 | profit=-32.3 roll_profit=-31.7 | import=83.3 export=51.0 | unmet=108 roll_unmet=113 | def_done=2.9/3 reward=-6666
2026-06-09 04:17:04 update 354/500 | profit=-29.6 roll_profit=-31.4 | import=77.5 export=47.9 | unmet=117 roll_unmet=112 | def_done=2.9/3 reward=-7223
2026-06-09 04:17:09 update 355/500 | profit=-26.1 roll_profit=-31.0 | import=79.2 export=53.1 | unmet=115 roll_unmet=113 | def_done=2.9/3 reward=-7389
2026-06-09 04:17:37 update 356/500 | profit=-32.9 roll_profit=-31.4 | import=79.2 export=46.3 | unmet=101 roll_unmet=111 | def_done=2.9/3 reward=-6461
2026-06-09 04:18:08 update 357/500 | profit=-31.2 roll_profit=-30.8 | import=82.6 export=51.5 | unmet=109 roll_unmet=112 | def_done=3.0/3 reward=-6881
2026-06-09 04:18:40 update 358/500 | profit=-33.7 roll_profit=-30.7 | import=80.1 export=46.4 | unmet=107 roll_unmet=111 | def_done=2.9/3 reward=-6876
2026-06-09 04:19:11 update 359/500 | profit=-28.2 roll_profit=-31.1 | import=77.1 export=48.9 | unmet=115 roll_unmet=112 | def_done=2.9/3 reward=-7092
2026-06-09 04:19:43 update 360/500 | profit=-31.1 roll_profit=-30.5 | import=79.2 export=48.1 | unmet=106 roll_unmet=110 | def_done=2.9/3 reward=-6646
2026-06-09 04:20:14 update 361/500 | profit=-36.3 roll_profit=-31.4 | import=83.5 export=47.2 | unmet=112 roll_unmet=110 | def_done=3.0/3 reward=-6925
2026-06-09 04:20:48 update 362/500 | profit=-31.6 roll_profit=-31.3 | import=77.5 export=45.9 | unmet=111 roll_unmet=110 | def_done=2.9/3 reward=-7170
2026-06-09 04:21:19 update 363/500 | profit=-39.8 roll_profit=-32.0 | import=83.1 export=43.4 | unmet=103 roll_unmet=110 | def_done=2.9/3 reward=-6243
2026-06-09 04:21:50 update 364/500 | profit=-34.7 roll_profit=-32.6 | import=84.6 export=49.9 | unmet=102 roll_unmet=108 | def_done=2.9/3 reward=-6377
2026-06-09 04:22:21 update 365/500 | profit=-29.3 roll_profit=-32.9 | import=76.6 export=47.3 | unmet=115 roll_unmet=108 | def_done=3.0/3 reward=-7118
2026-06-09 04:22:54 update 366/500 | profit=-32.7 roll_profit=-32.8 | import=81.5 export=48.8 | unmet=115 roll_unmet=109 | def_done=3.0/3 reward=-6897
2026-06-09 04:23:27 update 367/500 | profit=-31.8 roll_profit=-32.9 | import=82.3 export=50.5 | unmet=111 roll_unmet=110 | def_done=2.9/3 reward=-7211
2026-06-09 04:23:58 update 368/500 | profit=-33.1 roll_profit=-32.8 | import=79.2 export=46.1 | unmet=122 roll_unmet=111 | def_done=2.9/3 reward=-7597
2026-06-09 04:24:02 update 369/500 | profit=-35.7 roll_profit=-33.6 | import=81.9 export=46.2 | unmet=109 roll_unmet=111 | def_done=2.9/3 reward=-6889
2026-06-09 04:24:29 update 370/500 | profit=-33.9 roll_profit=-33.9 | import=81.9 export=48.0 | unmet=116 roll_unmet=112 | def_done=3.0/3 reward=-7349
2026-06-09 04:24:59 update 371/500 | profit=-28.0 roll_profit=-33.1 | import=78.6 export=50.6 | unmet=112 roll_unmet=112 | def_done=2.9/3 reward=-7009
2026-06-09 04:25:32 update 372/500 | profit=-29.6 roll_profit=-32.8 | import=74.9 export=45.3 | unmet=126 roll_unmet=113 | def_done=2.9/3 reward=-7425
2026-06-09 04:26:03 update 373/500 | profit=-32.0 roll_profit=-32.1 | import=82.0 export=50.0 | unmet=94 roll_unmet=112 | def_done=2.8/3 reward=-6140
2026-06-09 04:26:36 update 374/500 | profit=-32.2 roll_profit=-31.8 | import=77.9 export=45.7 | unmet=115 roll_unmet=114 | def_done=2.9/3 reward=-7359
2026-06-09 04:27:07 update 375/500 | profit=-32.1 roll_profit=-32.1 | import=80.1 export=48.0 | unmet=105 roll_unmet=113 | def_done=3.0/3 reward=-6353
2026-06-09 04:27:07 saved checkpoints
2026-06-09 04:27:12 update 376/500 | profit=-30.0 roll_profit=-31.8 | import=78.5 export=48.5 | unmet=109 roll_unmet=112 | def_done=2.9/3 reward=-6985
2026-06-09 04:27:39 update 377/500 | profit=-33.6 roll_profit=-32.0 | import=80.3 export=46.7 | unmet=108 roll_unmet=112 | def_done=2.8/3 reward=-7143
2026-06-09 04:27:44 update 378/500 | profit=-29.1 roll_profit=-31.6 | import=79.3 export=50.2 | unmet=118 roll_unmet=111 | def_done=2.9/3 reward=-7608
2026-06-09 04:28:07 update 379/500 | profit=-31.2 roll_profit=-31.2 | import=79.2 export=48.0 | unmet=106 roll_unmet=111 | def_done=2.9/3 reward=-6948
2026-06-09 04:28:40 update 380/500 | profit=-26.4 roll_profit=-30.4 | import=79.1 export=52.7 | unmet=108 roll_unmet=110 | def_done=2.9/3 reward=-7012
2026-06-09 04:28:51 update 381/500 | profit=-39.5 roll_profit=-31.6 | import=80.1 export=40.6 | unmet=95 roll_unmet=108 | def_done=2.9/3 reward=-6343
2026-06-09 04:29:22 update 382/500 | profit=-36.5 roll_profit=-32.3 | import=82.3 export=45.8 | unmet=111 roll_unmet=107 | def_done=3.0/3 reward=-6777
2026-06-09 04:29:53 update 383/500 | profit=-35.4 roll_profit=-32.6 | import=80.9 export=45.4 | unmet=112 roll_unmet=109 | def_done=2.8/3 reward=-7138
2026-06-09 04:30:24 update 384/500 | profit=-34.6 roll_profit=-32.8 | import=79.8 export=45.2 | unmet=110 roll_unmet=108 | def_done=2.9/3 reward=-6710
2026-06-09 04:30:55 update 385/500 | profit=-27.0 roll_profit=-32.3 | import=79.4 export=52.4 | unmet=115 roll_unmet=109 | def_done=2.9/3 reward=-7243
2026-06-09 04:31:25 update 386/500 | profit=-34.2 roll_profit=-32.8 | import=84.4 export=50.1 | unmet=109 roll_unmet=109 | def_done=2.9/3 reward=-6954
2026-06-09 04:31:30 update 387/500 | profit=-28.4 roll_profit=-32.2 | import=76.8 export=48.4 | unmet=107 roll_unmet=109 | def_done=3.0/3 reward=-6851
2026-06-09 04:31:53 update 388/500 | profit=-28.4 roll_profit=-32.2 | import=73.8 export=45.4 | unmet=110 roll_unmet=108 | def_done=2.9/3 reward=-6999
2026-06-09 04:32:24 update 389/500 | profit=-30.4 roll_profit=-32.1 | import=82.4 export=51.9 | unmet=104 roll_unmet=108 | def_done=3.0/3 reward=-6413
2026-06-09 04:32:56 update 390/500 | profit=-27.4 roll_profit=-32.2 | import=79.0 export=51.5 | unmet=100 roll_unmet=107 | def_done=2.9/3 reward=-6519
2026-06-09 04:33:27 update 391/500 | profit=-34.7 roll_profit=-31.7 | import=81.2 export=46.5 | unmet=99 roll_unmet=108 | def_done=3.0/3 reward=-6249
2026-06-09 04:33:58 update 392/500 | profit=-34.0 roll_profit=-31.5 | import=81.5 export=47.5 | unmet=107 roll_unmet=107 | def_done=2.9/3 reward=-6624
2026-06-09 04:34:28 update 393/500 | profit=-34.7 roll_profit=-31.4 | import=78.9 export=44.2 | unmet=112 roll_unmet=107 | def_done=2.9/3 reward=-7095
2026-06-09 04:35:00 update 394/500 | profit=-33.5 roll_profit=-31.3 | import=81.4 export=47.9 | unmet=106 roll_unmet=107 | def_done=3.0/3 reward=-7093
2026-06-09 04:35:33 update 395/500 | profit=-28.8 roll_profit=-31.5 | import=80.7 export=51.9 | unmet=109 roll_unmet=106 | def_done=2.9/3 reward=-6884
2026-06-09 04:36:06 update 396/500 | profit=-34.1 roll_profit=-31.5 | import=80.6 export=46.5 | unmet=105 roll_unmet=106 | def_done=2.9/3 reward=-6646
2026-06-09 04:36:37 update 397/500 | profit=-32.2 roll_profit=-31.8 | import=82.0 export=49.8 | unmet=112 roll_unmet=106 | def_done=2.9/3 reward=-7028
2026-06-09 04:36:42 update 398/500 | profit=-33.6 roll_profit=-32.4 | import=81.1 export=47.5 | unmet=107 roll_unmet=106 | def_done=3.0/3 reward=-6704
2026-06-09 04:37:06 update 399/500 | profit=-28.9 roll_profit=-32.2 | import=80.8 export=51.9 | unmet=101 roll_unmet=106 | def_done=2.9/3 reward=-6536
2026-06-09 04:37:36 update 400/500 | profit=-31.6 roll_profit=-32.6 | import=79.3 export=47.7 | unmet=101 roll_unmet=106 | def_done=2.8/3 reward=-6319
2026-06-09 04:37:36 saved checkpoints
2026-06-09 04:38:07 update 401/500 | profit=-30.8 roll_profit=-32.2 | import=79.4 export=48.6 | unmet=107 roll_unmet=107 | def_done=3.0/3 reward=-6926
2026-06-09 04:38:41 update 402/500 | profit=-25.8 roll_profit=-31.4 | import=80.0 export=54.2 | unmet=114 roll_unmet=107 | def_done=2.9/3 reward=-6930
2026-06-09 04:39:11 update 403/500 | profit=-37.0 roll_profit=-31.7 | import=83.7 export=46.6 | unmet=99 roll_unmet=106 | def_done=3.0/3 reward=-6408
2026-06-09 04:39:44 update 404/500 | profit=-29.7 roll_profit=-31.3 | import=77.2 export=47.4 | unmet=107 roll_unmet=106 | def_done=3.0/3 reward=-6779
2026-06-09 04:40:15 update 405/500 | profit=-28.7 roll_profit=-31.3 | import=81.3 export=52.6 | unmet=102 roll_unmet=105 | def_done=2.9/3 reward=-6763
2026-06-09 04:40:50 update 406/500 | profit=-33.4 roll_profit=-31.2 | import=79.0 export=45.6 | unmet=115 roll_unmet=107 | def_done=2.9/3 reward=-7224
2026-06-09 04:40:55 update 407/500 | profit=-31.0 roll_profit=-31.1 | import=79.6 export=48.6 | unmet=94 roll_unmet=105 | def_done=2.9/3 reward=-5967
2026-06-09 04:41:23 update 408/500 | profit=-32.5 roll_profit=-31.0 | import=84.3 export=51.8 | unmet=109 roll_unmet=105 | def_done=2.9/3 reward=-6651
2026-06-09 04:41:57 update 409/500 | profit=-32.9 roll_profit=-31.3 | import=81.6 export=48.7 | unmet=95 roll_unmet=104 | def_done=3.0/3 reward=-6135
2026-06-09 04:42:28 update 410/500 | profit=-33.3 roll_profit=-31.5 | import=77.5 export=44.2 | unmet=118 roll_unmet=106 | def_done=3.0/3 reward=-7250
2026-06-09 04:42:58 update 411/500 | profit=-33.0 roll_profit=-31.7 | import=81.3 export=48.2 | unmet=108 roll_unmet=106 | def_done=3.0/3 reward=-6825
2026-06-09 04:43:29 update 412/500 | profit=-25.7 roll_profit=-31.7 | import=79.2 export=53.5 | unmet=106 roll_unmet=105 | def_done=2.9/3 reward=-6632
2026-06-09 04:44:00 update 413/500 | profit=-31.9 roll_profit=-31.2 | import=79.7 export=47.8 | unmet=103 roll_unmet=106 | def_done=3.0/3 reward=-6465
2026-06-09 04:44:34 update 414/500 | profit=-35.2 roll_profit=-31.8 | import=81.8 export=46.5 | unmet=97 roll_unmet=105 | def_done=2.9/3 reward=-6446
2026-06-09 04:44:48 update 415/500 | profit=-34.9 roll_profit=-32.4 | import=83.3 export=48.3 | unmet=99 roll_unmet=104 | def_done=3.0/3 reward=-6483
2026-06-09 04:45:20 update 416/500 | profit=-32.2 roll_profit=-32.3 | import=78.3 export=46.0 | unmet=113 roll_unmet=104 | def_done=2.9/3 reward=-6997
2026-06-09 04:45:51 update 417/500 | profit=-31.7 roll_profit=-32.3 | import=82.9 export=51.2 | unmet=97 roll_unmet=104 | def_done=3.0/3 reward=-6439
2026-06-09 04:45:56 update 418/500 | profit=-35.3 roll_profit=-32.6 | import=82.0 export=46.6 | unmet=106 roll_unmet=104 | def_done=3.0/3 reward=-6659
2026-06-09 04:46:24 update 419/500 | profit=-33.5 roll_profit=-32.7 | import=78.5 export=45.0 | unmet=115 roll_unmet=106 | def_done=2.9/3 reward=-7022
2026-06-09 04:46:58 update 420/500 | profit=-30.8 roll_profit=-32.4 | import=81.1 export=50.3 | unmet=111 roll_unmet=106 | def_done=2.8/3 reward=-6795
2026-06-09 04:47:29 update 421/500 | profit=-32.6 roll_profit=-32.4 | import=79.5 export=47.0 | unmet=95 roll_unmet=104 | def_done=2.9/3 reward=-6275
2026-06-09 04:48:00 update 422/500 | profit=-36.7 roll_profit=-33.5 | import=82.8 export=46.1 | unmet=106 roll_unmet=104 | def_done=3.0/3 reward=-6734
2026-06-09 04:48:31 update 423/500 | profit=-33.5 roll_profit=-33.6 | import=82.0 export=48.6 | unmet=101 roll_unmet=104 | def_done=2.9/3 reward=-6484
2026-06-09 04:49:04 update 424/500 | profit=-34.8 roll_profit=-33.6 | import=82.8 export=48.0 | unmet=114 roll_unmet=106 | def_done=2.9/3 reward=-7197
2026-06-09 04:49:08 update 425/500 | profit=-39.8 roll_profit=-34.1 | import=81.6 export=41.8 | unmet=95 roll_unmet=105 | def_done=3.0/3 reward=-6086
2026-06-09 04:49:08 saved checkpoints
2026-06-09 04:49:30 update 426/500 | profit=-31.7 roll_profit=-34.0 | import=80.5 export=48.8 | unmet=110 roll_unmet=105 | def_done=2.9/3 reward=-6823
2026-06-09 04:50:02 update 427/500 | profit=-34.1 roll_profit=-34.3 | import=81.5 export=47.4 | unmet=115 roll_unmet=107 | def_done=3.0/3 reward=-6856
2026-06-09 04:50:06 update 428/500 | profit=-28.3 roll_profit=-33.6 | import=78.1 export=49.8 | unmet=118 roll_unmet=108 | def_done=2.9/3 reward=-7584
2026-06-09 04:50:33 update 429/500 | profit=-29.9 roll_profit=-33.2 | import=79.4 export=49.4 | unmet=113 roll_unmet=108 | def_done=3.0/3 reward=-7170
2026-06-09 04:51:05 update 430/500 | profit=-29.2 roll_profit=-33.1 | import=79.1 export=50.0 | unmet=104 roll_unmet=107 | def_done=3.0/3 reward=-6678
2026-06-09 04:51:36 update 431/500 | profit=-35.4 roll_profit=-33.3 | import=81.1 export=45.7 | unmet=113 roll_unmet=109 | def_done=2.9/3 reward=-7109
2026-06-09 04:52:07 update 432/500 | profit=-32.3 roll_profit=-32.9 | import=82.2 export=50.0 | unmet=107 roll_unmet=109 | def_done=2.8/3 reward=-6907
2026-06-09 04:52:22 update 433/500 | profit=-38.9 roll_profit=-33.4 | import=84.1 export=45.2 | unmet=107 roll_unmet=110 | def_done=3.0/3 reward=-6691
2026-06-09 04:52:55 update 434/500 | profit=-35.0 roll_profit=-33.5 | import=83.5 export=48.5 | unmet=102 roll_unmet=108 | def_done=2.9/3 reward=-6372
2026-06-09 04:53:28 update 435/500 | profit=-30.5 roll_profit=-32.5 | import=82.4 export=51.9 | unmet=102 roll_unmet=109 | def_done=3.0/3 reward=-6205
2026-06-09 04:54:03 update 436/500 | profit=-30.2 roll_profit=-32.4 | import=77.6 export=47.4 | unmet=104 roll_unmet=108 | def_done=2.9/3 reward=-6687
2026-06-09 04:54:13 update 437/500 | profit=-36.5 roll_profit=-32.6 | import=78.8 export=42.3 | unmet=113 roll_unmet=108 | def_done=3.0/3 reward=-6911
2026-06-09 04:54:44 update 438/500 | profit=-31.5 roll_profit=-32.9 | import=79.1 export=47.5 | unmet=104 roll_unmet=107 | def_done=2.9/3 reward=-6814
2026-06-09 04:55:14 update 439/500 | profit=-34.5 roll_profit=-33.4 | import=80.0 export=45.4 | unmet=107 roll_unmet=106 | def_done=3.0/3 reward=-7004
2026-06-09 04:55:46 update 440/500 | profit=-25.4 roll_profit=-33.0 | import=82.5 export=57.1 | unmet=110 roll_unmet=107 | def_done=2.9/3 reward=-6796
2026-06-09 04:56:17 update 441/500 | profit=-34.9 roll_profit=-33.0 | import=80.3 export=45.5 | unmet=108 roll_unmet=107 | def_done=2.9/3 reward=-6479
2026-06-09 04:56:48 update 442/500 | profit=-34.4 roll_profit=-33.2 | import=82.2 export=47.9 | unmet=104 roll_unmet=106 | def_done=2.9/3 reward=-6585
2026-06-09 04:57:19 update 443/500 | profit=-33.2 roll_profit=-32.6 | import=79.6 export=46.4 | unmet=116 roll_unmet=107 | def_done=2.9/3 reward=-7449
2026-06-09 04:57:50 update 444/500 | profit=-32.6 roll_profit=-32.4 | import=84.0 export=51.4 | unmet=103 roll_unmet=107 | def_done=2.9/3 reward=-6498
2026-06-09 04:57:57 update 445/500 | profit=-34.9 roll_profit=-32.8 | import=82.3 export=47.4 | unmet=89 roll_unmet=106 | def_done=2.9/3 reward=-5721
2026-06-09 04:58:26 update 446/500 | profit=-32.3 roll_profit=-33.0 | import=81.9 export=49.5 | unmet=112 roll_unmet=107 | def_done=3.0/3 reward=-7145
2026-06-09 04:58:33 update 447/500 | profit=-40.5 roll_profit=-33.4 | import=83.2 export=42.7 | unmet=97 roll_unmet=105 | def_done=3.0/3 reward=-6328
2026-06-09 04:59:05 update 448/500 | profit=-37.9 roll_profit=-34.1 | import=85.0 export=47.1 | unmet=108 roll_unmet=105 | def_done=3.0/3 reward=-6654
2026-06-09 04:59:39 update 449/500 | profit=-33.3 roll_profit=-33.9 | import=80.0 export=46.8 | unmet=105 roll_unmet=105 | def_done=2.9/3 reward=-6741
2026-06-09 05:00:12 update 450/500 | profit=-30.5 roll_profit=-34.4 | import=81.9 export=51.4 | unmet=101 roll_unmet=104 | def_done=2.9/3 reward=-6342
2026-06-09 05:00:12 saved checkpoints
2026-06-09 05:00:42 update 451/500 | profit=-32.4 roll_profit=-34.2 | import=81.4 export=49.0 | unmet=96 roll_unmet=103 | def_done=2.9/3 reward=-6333
2026-06-09 05:01:13 update 452/500 | profit=-40.3 roll_profit=-34.8 | import=82.4 export=42.1 | unmet=107 roll_unmet=103 | def_done=3.0/3 reward=-6771
2026-06-09 05:01:43 update 453/500 | profit=-41.7 roll_profit=-35.6 | import=83.2 export=41.5 | unmet=107 roll_unmet=103 | def_done=3.0/3 reward=-6765
2026-06-09 05:02:15 update 454/500 | profit=-28.4 roll_profit=-35.2 | import=80.1 export=51.6 | unmet=106 roll_unmet=103 | def_done=2.9/3 reward=-6576
2026-06-09 05:02:51 update 455/500 | profit=-40.9 roll_profit=-35.8 | import=84.4 export=43.5 | unmet=100 roll_unmet=104 | def_done=2.9/3 reward=-6293
2026-06-09 05:02:59 update 456/500 | profit=-32.1 roll_profit=-35.8 | import=83.1 export=51.0 | unmet=102 roll_unmet=103 | def_done=3.0/3 reward=-6428
2026-06-09 05:03:33 update 457/500 | profit=-33.0 roll_profit=-35.0 | import=84.8 export=51.8 | unmet=103 roll_unmet=104 | def_done=2.9/3 reward=-6759
2026-06-09 05:03:39 update 458/500 | profit=-32.3 roll_profit=-34.5 | import=83.4 export=51.1 | unmet=105 roll_unmet=103 | def_done=3.0/3 reward=-6451
2026-06-09 05:04:10 update 459/500 | profit=-35.0 roll_profit=-34.7 | import=83.6 export=48.6 | unmet=87 roll_unmet=101 | def_done=2.9/3 reward=-5862
2026-06-09 05:04:15 update 460/500 | profit=-33.2 roll_profit=-34.9 | import=79.6 export=46.5 | unmet=96 roll_unmet=101 | def_done=2.9/3 reward=-6129
2026-06-09 05:04:45 update 461/500 | profit=-36.0 roll_profit=-35.3 | import=80.3 export=44.2 | unmet=95 roll_unmet=101 | def_done=2.8/3 reward=-5872
2026-06-09 05:05:15 update 462/500 | profit=-27.4 roll_profit=-34.0 | import=76.0 export=48.6 | unmet=102 roll_unmet=100 | def_done=2.9/3 reward=-6390
2026-06-09 05:05:45 update 463/500 | profit=-30.9 roll_profit=-32.9 | import=77.0 export=46.1 | unmet=90 roll_unmet=99 | def_done=2.9/3 reward=-6091
2026-06-09 05:06:17 update 464/500 | profit=-36.3 roll_profit=-33.7 | import=81.3 export=45.0 | unmet=96 roll_unmet=98 | def_done=3.0/3 reward=-6152
2026-06-09 05:06:49 update 465/500 | profit=-28.9 roll_profit=-32.5 | import=81.6 export=52.8 | unmet=111 roll_unmet=99 | def_done=2.8/3 reward=-6946
2026-06-09 05:06:53 update 466/500 | profit=-37.9 roll_profit=-33.1 | import=81.6 export=43.7 | unmet=97 roll_unmet=98 | def_done=2.9/3 reward=-5912
2026-06-09 05:07:16 update 467/500 | profit=-27.9 roll_profit=-32.6 | import=77.2 export=49.3 | unmet=96 roll_unmet=98 | def_done=3.0/3 reward=-6224
2026-06-09 05:07:47 update 468/500 | profit=-34.3 roll_profit=-32.8 | import=81.3 export=47.0 | unmet=108 roll_unmet=98 | def_done=2.9/3 reward=-7036
2026-06-09 05:08:18 update 469/500 | profit=-28.9 roll_profit=-32.2 | import=81.4 export=52.4 | unmet=110 roll_unmet=100 | def_done=2.9/3 reward=-6841
2026-06-09 05:08:51 update 470/500 | profit=-39.2 roll_profit=-32.8 | import=83.7 export=44.4 | unmet=101 roll_unmet=101 | def_done=3.0/3 reward=-6626
2026-06-09 05:09:22 update 471/500 | profit=-34.3 roll_profit=-32.6 | import=85.1 export=50.9 | unmet=102 roll_unmet=101 | def_done=3.0/3 reward=-6425
2026-06-09 05:09:27 update 472/500 | profit=-40.6 roll_profit=-33.9 | import=83.4 export=42.8 | unmet=93 roll_unmet=100 | def_done=3.0/3 reward=-6031
2026-06-09 05:09:49 update 473/500 | profit=-32.8 roll_profit=-34.1 | import=80.2 export=47.4 | unmet=103 roll_unmet=102 | def_done=3.0/3 reward=-6388
2026-06-09 05:10:21 update 474/500 | profit=-32.0 roll_profit=-33.7 | import=81.0 export=48.9 | unmet=111 roll_unmet=103 | def_done=2.9/3 reward=-6973
2026-06-09 05:10:52 update 475/500 | profit=-32.6 roll_profit=-34.1 | import=79.4 export=46.8 | unmet=110 roll_unmet=103 | def_done=2.9/3 reward=-6580
2026-06-09 05:10:52 saved checkpoints
2026-06-09 05:11:24 update 476/500 | profit=-34.7 roll_profit=-33.7 | import=78.4 export=43.7 | unmet=102 roll_unmet=104 | def_done=3.0/3 reward=-6545
2026-06-09 05:11:56 update 477/500 | profit=-29.6 roll_profit=-33.9 | import=80.7 export=51.1 | unmet=100 roll_unmet=104 | def_done=2.8/3 reward=-6308
2026-06-09 05:12:02 update 478/500 | profit=-32.7 roll_profit=-33.7 | import=77.7 export=45.0 | unmet=93 roll_unmet=103 | def_done=2.9/3 reward=-6134
2026-06-09 05:12:32 update 479/500 | profit=-33.3 roll_profit=-34.2 | import=78.7 export=45.4 | unmet=105 roll_unmet=102 | def_done=3.0/3 reward=-6615
2026-06-09 05:13:03 update 480/500 | profit=-37.1 roll_profit=-34.0 | import=82.4 export=45.3 | unmet=102 roll_unmet=102 | def_done=2.9/3 reward=-6402
2026-06-09 05:13:34 update 481/500 | profit=-34.6 roll_profit=-34.0 | import=80.3 export=45.7 | unmet=100 roll_unmet=102 | def_done=2.9/3 reward=-6603
2026-06-09 05:14:05 update 482/500 | profit=-35.1 roll_profit=-33.4 | import=85.2 export=50.2 | unmet=93 roll_unmet=102 | def_done=3.0/3 reward=-5875
2026-06-09 05:14:10 update 483/500 | profit=-30.7 roll_profit=-33.2 | import=84.1 export=53.4 | unmet=102 roll_unmet=102 | def_done=2.9/3 reward=-6427
2026-06-09 05:14:34 update 484/500 | profit=-36.4 roll_profit=-33.7 | import=79.3 export=42.9 | unmet=94 roll_unmet=100 | def_done=2.9/3 reward=-6100
2026-06-09 05:14:39 update 485/500 | profit=-29.3 roll_profit=-33.3 | import=78.3 export=49.0 | unmet=96 roll_unmet=99 | def_done=2.8/3 reward=-6445
2026-06-09 05:15:07 update 486/500 | profit=-32.4 roll_profit=-33.1 | import=79.6 export=47.2 | unmet=109 roll_unmet=99 | def_done=2.9/3 reward=-6943
2026-06-09 05:15:40 update 487/500 | profit=-35.3 roll_profit=-33.7 | import=82.2 export=46.9 | unmet=103 roll_unmet=100 | def_done=2.9/3 reward=-6658
2026-06-09 05:16:12 update 488/500 | profit=-31.4 roll_profit=-33.5 | import=80.2 export=48.9 | unmet=98 roll_unmet=100 | def_done=3.0/3 reward=-6415
2026-06-09 05:16:46 update 489/500 | profit=-36.3 roll_profit=-33.9 | import=78.4 export=42.1 | unmet=106 roll_unmet=100 | def_done=2.9/3 reward=-6836
2026-06-09 05:17:17 update 490/500 | profit=-31.4 roll_profit=-33.3 | import=82.1 export=50.8 | unmet=107 roll_unmet=101 | def_done=2.9/3 reward=-6389
2026-06-09 05:17:50 update 491/500 | profit=-34.8 roll_profit=-33.3 | import=82.2 export=47.4 | unmet=91 roll_unmet=100 | def_done=2.9/3 reward=-5982
2026-06-09 05:18:21 update 492/500 | profit=-37.3 roll_profit=-33.5 | import=84.8 export=47.5 | unmet=102 roll_unmet=101 | def_done=3.0/3 reward=-6578
2026-06-09 05:18:51 update 493/500 | profit=-41.9 roll_profit=-34.6 | import=82.1 export=40.3 | unmet=94 roll_unmet=100 | def_done=3.0/3 reward=-6143
2026-06-09 05:18:56 update 494/500 | profit=-37.1 roll_profit=-34.7 | import=81.6 export=44.5 | unmet=82 roll_unmet=99 | def_done=2.9/3 reward=-5771
2026-06-09 05:19:20 update 495/500 | profit=-33.2 roll_profit=-35.1 | import=78.6 export=45.4 | unmet=93 roll_unmet=98 | def_done=2.9/3 reward=-5919
2026-06-09 05:19:51 update 496/500 | profit=-28.7 roll_profit=-34.7 | import=81.0 export=52.4 | unmet=103 roll_unmet=98 | def_done=2.9/3 reward=-6571
2026-06-09 05:20:23 update 497/500 | profit=-35.5 roll_profit=-34.8 | import=84.8 export=49.4 | unmet=98 roll_unmet=97 | def_done=2.9/3 reward=-6332
2026-06-09 05:20:32 update 498/500 | profit=-29.6 roll_profit=-34.6 | import=77.4 export=47.9 | unmet=103 roll_unmet=98 | def_done=2.9/3 reward=-6786
2026-06-09 05:21:05 update 499/500 | profit=-36.3 roll_profit=-34.6 | import=79.9 export=43.6 | unmet=109 roll_unmet=98 | def_done=3.0/3 reward=-6971
2026-06-09 05:21:10 update 500/500 | profit=-33.5 roll_profit=-34.8 | import=84.2 export=50.7 | unmet=92 roll_unmet=97 | def_done=2.9/3 reward=-6059
2026-06-09 05:21:10 saved checkpoints
2026-06-09 05:21:10 training complete
