2026-06-05 15:47:22,943 INFO Loading C:\Users\sadir\Documents\Github Projects\summer-project-webserver\data_collection\data\ticks.jsonl
2026-06-05 15:47:23,001 INFO kept 141 complete days, dropped 2 incomplete (of 143 day groups)
2026-06-05 15:47:23,001 INFO dry run on day=5935408, ticks=60
2026-06-05 15:47:23,002 INFO tick 0 deferables: [{'end': 59, 'energy': 50.0, 'start': 0}, {'end': 59, 'energy': 35.90834657966668, 'start': 43}, {'end': 46, 'energy': 16.813143250892626, 'start': 5}]
2026-06-05 15:47:23,002 INFO tick=0 sun=0.0 pv=0.00W demand=0.15W active_def=50.0J buy=13
2026-06-05 15:47:23,002 INFO tick=1 sun=0.0 pv=0.00W demand=0.09W active_def=50.0J buy=13
2026-06-05 15:47:23,002 INFO tick=2 sun=0.0 pv=0.00W demand=0.04W active_def=50.0J buy=12
2026-06-07 20:28:22,025 INFO loading ticks from C:\Users\sadir\Documents\Github Projects\summer-project-webserver\data_collection\data\ticks.jsonl
2026-06-07 20:28:22,336 INFO loaded 47627 raw ticks
2026-06-07 20:28:22,349 INFO dropped 3 incomplete days out of 795
2026-06-07 20:28:22,365 INFO labeled day=5935408 (60 ticks) -> labelled_train.jsonl
2026-06-07 20:28:22,370 INFO labeled day=5935409 (60 ticks) -> labelled_train.jsonl
2026-06-07 20:28:22,376 INFO labeled day=5935410 (60 ticks) -> labelled_train.jsonl
2026-06-07 20:28:22,389 INFO labeled day=5935411 (60 ticks) -> labelled_train.jsonl
2026-06-07 20:28:22,400 INFO labeled day=5935412 (60 ticks) -> labelled_train.jsonl
2026-06-07 20:28:22,412 INFO labeled day=5935413 (60 ticks) -> labelled_train.jsonl
2026-06-07 20:28:22,425 INFO labeled day=5935415 (60 ticks) -> labelled_train.jsonl
2026-06-07 20:28:22,437 INFO labeled day=5935416 (60 ticks) -> labelled_train.jsonl
2026-06-07 20:28:22,449 INFO labeled day=5935417 (60 ticks) -> labelled_train.jsonl
2026-06-07 20:28:22,461 INFO labeled day=5935418 (60 ticks) -> labelled_train.jsonl
2026-06-07 20:28:22,475 INFO labeled day=5935420 (60 ticks) -> labelled_train.jsonl
2026-06-07 20:28:22,491 INFO labeled day=5935421 (60 ticks) -> labelled_train.jsonl
2026-06-07 20:28:22,504 INFO labeled day=5935422 (60 ticks) -> labelled_train.jsonl
2026-06-07 20:28:22,519 INFO labeled day=5935423 (60 ticks) -> labelled_train.jsonl
2026-06-07 20:28:22,531 INFO labeled day=5935424 (60 ticks) -> labelled_train.jsonl
2026-06-07 20:28:22,542 INFO labeled day=5935425 (60 ticks) -> labelled_train.jsonl
2026-06-07 20:28:22,554 INFO labeled day=5935426 (60 ticks) -> labelled_train.jsonl
2026-06-07 20:28:22,565 INFO labeled day=5935427 (60 ticks) -> labelled_train.jsonl
2026-06-07 20:28:22,576 INFO labeled day=5935428 (60 ticks) -> labelled_train.jsonl
2026-06-07 20:28:22,587 INFO labeled day=5935429 (60 ticks) -> labelled_train.jsonl
2026-06-07 20:28:22,598 INFO labeled day=5935430 (60 ticks) -> labelled_train.jsonl
2026-06-07 20:28:22,609 INFO labeled day=5935431 (60 ticks) -> labelled_train.jsonl
2026-06-07 20:28:22,619 INFO labeled day=5935432 (60 ticks) -> labelled_train.jsonl
2026-06-07 20:28:22,632 INFO labeled day=5935434 (60 ticks) -> labelled_train.jsonl
2026-06-07 20:28:22,643 INFO labeled day=5935436 (60 ticks) -> labelled_train.jsonl
2026-06-07 20:28:22,654 INFO labeled day=5935437 (60 ticks) -> labelled_train.jsonl
2026-06-07 20:28:22,668 INFO labeled day=5935439 (60 ticks) -> labelled_train.jsonl
2026-06-07 20:28:22,680 INFO labeled day=5935441 (60 ticks) -> labelled_train.jsonl
2026-06-07 20:28:22,695 INFO labeled day=5935442 (60 ticks) -> labelled_train.jsonl
2026-06-07 20:28:22,707 INFO labeled day=5935443 (60 ticks) -> labelled_train.jsonl
2026-06-07 20:28:22,720 INFO labeled day=5935444 (60 ticks) -> labelled_train.jsonl
2026-06-07 20:28:22,731 INFO labeled day=5935445 (60 ticks) -> labelled_train.jsonl
2026-06-07 20:28:22,742 INFO labeled day=5935446 (60 ticks) -> labelled_train.jsonl
2026-06-07 20:28:22,752 INFO labeled day=5935447 (60 ticks) -> labelled_train.jsonl
2026-06-07 20:28:22,763 INFO labeled day=5935448 (60 ticks) -> labelled_train.jsonl
2026-06-07 20:28:22,775 INFO labeled day=5935449 (60 ticks) -> labelled_train.jsonl
2026-06-07 20:28:22,790 INFO labeled day=5935450 (60 ticks) -> labelled_train.jsonl
2026-06-07 20:28:22,802 INFO labeled day=5935451 (60 ticks) -> labelled_train.jsonl
2026-06-07 20:28:22,812 INFO labeled day=5935453 (60 ticks) -> labelled_train.jsonl
2026-06-07 20:28:22,824 INFO labeled day=5935455 (60 ticks) -> labelled_train.jsonl
2026-06-07 20:28:22,837 INFO labeled day=5935457 (60 ticks) -> labelled_train.jsonl
2026-06-07 20:28:22,848 INFO labeled day=5935458 (60 ticks) -> labelled_train.jsonl
2026-06-07 20:28:22,860 INFO labeled day=5935459 (60 ticks) -> labelled_train.jsonl
2026-06-07 20:28:22,871 INFO labeled day=5935460 (60 ticks) -> labelled_train.jsonl
2026-06-07 20:28:22,882 INFO labeled day=5935461 (60 ticks) -> labelled_train.jsonl
2026-06-07 20:28:22,894 INFO labeled day=5935462 (60 ticks) -> labelled_train.jsonl
2026-06-07 20:28:22,907 INFO labeled day=5935463 (60 ticks) -> labelled_train.jsonl
2026-06-07 20:28:22,924 INFO labeled day=5935464 (60 ticks) -> labelled_train.jsonl
2026-06-07 20:28:22,936 INFO labeled day=5935466 (60 ticks) -> labelled_train.jsonl
2026-06-07 20:28:22,948 INFO labeled day=5935467 (60 ticks) -> labelled_train.jsonl
2026-06-07 20:28:22,960 INFO labeled day=5935468 (60 ticks) -> labelled_train.jsonl
2026-06-07 20:28:22,976 INFO labeled day=5935469 (60 ticks) -> labelled_train.jsonl
2026-06-07 20:28:22,989 INFO labeled day=5935470 (60 ticks) -> labelled_train.jsonl
2026-06-07 20:28:23,001 INFO labeled day=5935471 (60 ticks) -> labelled_train.jsonl
2026-06-07 20:28:23,013 INFO labeled day=5935472 (60 ticks) -> labelled_train.jsonl
2026-06-07 20:28:23,024 INFO labeled day=5935474 (60 ticks) -> labelled_train.jsonl
2026-06-07 20:28:23,036 INFO labeled day=5935476 (60 ticks) -> labelled_train.jsonl
2026-06-07 20:28:23,046 INFO labeled day=5935477 (60 ticks) -> labelled_train.jsonl
2026-06-07 20:28:23,057 INFO labeled day=5935478 (60 ticks) -> labelled_train.jsonl
2026-06-07 20:28:23,068 INFO labeled day=5935480 (60 ticks) -> labelled_train.jsonl
2026-06-07 20:28:23,079 INFO labeled day=5935482 (60 ticks) -> labelled_train.jsonl
2026-06-07 20:28:23,095 INFO labeled day=5935483 (60 ticks) -> labelled_train.jsonl
2026-06-07 20:28:23,106 INFO labeled day=5935484 (60 ticks) -> labelled_train.jsonl
2026-06-07 20:28:23,117 INFO labeled day=5935485 (60 ticks) -> labelled_train.jsonl
2026-06-07 20:28:23,128 INFO labeled day=5935486 (60 ticks) -> labelled_train.jsonl
2026-06-07 20:28:23,139 INFO labeled day=5935487 (60 ticks) -> labelled_train.jsonl
2026-06-07 20:28:23,150 INFO labeled day=5935490 (60 ticks) -> labelled_train.jsonl
2026-06-07 20:28:23,164 INFO labeled day=5935491 (60 ticks) -> labelled_train.jsonl
2026-06-07 20:28:23,173 INFO labeled day=5935492 (60 ticks) -> labelled_train.jsonl
2026-06-07 20:28:23,184 INFO labeled day=5935493 (60 ticks) -> labelled_train.jsonl
2026-06-07 20:28:23,195 INFO labeled day=5935494 (60 ticks) -> labelled_train.jsonl
2026-06-07 20:28:23,206 INFO labeled day=5935495 (60 ticks) -> labelled_train.jsonl
2026-06-07 20:28:23,216 INFO labeled day=5935496 (60 ticks) -> labelled_train.jsonl
2026-06-07 20:28:23,227 INFO labeled day=5935498 (60 ticks) -> labelled_train.jsonl
2026-06-07 20:28:23,239 INFO labeled day=5935499 (60 ticks) -> labelled_train.jsonl
2026-06-07 20:28:23,251 INFO labeled day=5935500 (60 ticks) -> labelled_train.jsonl
2026-06-07 20:28:23,262 INFO labeled day=5935504 (60 ticks) -> labelled_train.jsonl
2026-06-07 20:28:23,277 INFO labeled day=5935505 (60 ticks) -> labelled_train.jsonl
2026-06-07 20:28:23,288 INFO labeled day=5935506 (60 ticks) -> labelled_train.jsonl
2026-06-07 20:28:23,301 INFO labeled day=5935508 (60 ticks) -> labelled_train.jsonl
2026-06-07 20:28:23,314 INFO labeled day=5935509 (60 ticks) -> labelled_train.jsonl
2026-06-07 20:28:23,327 INFO labeled day=5935510 (60 ticks) -> labelled_train.jsonl
2026-06-07 20:28:23,339 INFO labeled day=5935513 (60 ticks) -> labelled_train.jsonl
2026-06-07 20:28:23,352 INFO labeled day=5935514 (60 ticks) -> labelled_train.jsonl
2026-06-07 20:28:23,363 INFO labeled day=5935515 (60 ticks) -> labelled_train.jsonl
2026-06-07 20:28:23,374 INFO labeled day=5935516 (60 ticks) -> labelled_train.jsonl
2026-06-07 20:28:23,385 INFO labeled day=5935517 (60 ticks) -> labelled_train.jsonl
2026-06-07 20:28:23,396 INFO labeled day=5935518 (60 ticks) -> labelled_train.jsonl
2026-06-07 20:28:23,408 INFO labeled day=5935519 (60 ticks) -> labelled_train.jsonl
2026-06-07 20:28:23,420 INFO labeled day=5935521 (60 ticks) -> labelled_train.jsonl
2026-06-07 20:28:23,432 INFO labeled day=5935523 (60 ticks) -> labelled_train.jsonl
2026-06-07 20:28:23,443 INFO labeled day=5935524 (60 ticks) -> labelled_train.jsonl
2026-06-07 20:28:23,455 INFO labeled day=5935526 (60 ticks) -> labelled_train.jsonl
2026-06-07 20:28:23,466 INFO labeled day=5935527 (60 ticks) -> labelled_train.jsonl
2026-06-07 20:28:23,479 INFO labeled day=5935528 (60 ticks) -> labelled_train.jsonl
2026-06-07 20:28:23,491 INFO labeled day=5935529 (60 ticks) -> labelled_train.jsonl
2026-06-07 20:28:23,502 INFO labeled day=5935530 (60 ticks) -> labelled_train.jsonl
2026-06-07 20:28:23,511 INFO labeled day=5935531 (60 ticks) -> labelled_train.jsonl
2026-06-07 20:28:23,522 INFO labeled day=5935532 (60 ticks) -> labelled_train.jsonl
2026-06-07 20:28:23,533 INFO labeled day=5935533 (60 ticks) -> labelled_train.jsonl
2026-06-07 20:28:23,545 INFO labeled day=5935534 (60 ticks) -> labelled_train.jsonl
2026-06-07 20:28:23,556 INFO labeled day=5935536 (60 ticks) -> labelled_train.jsonl
2026-06-07 20:28:23,569 INFO labeled day=5935537 (60 ticks) -> labelled_train.jsonl
2026-06-07 20:28:23,580 INFO labeled day=5935538 (60 ticks) -> labelled_train.jsonl
2026-06-07 20:28:23,593 INFO labeled day=5935539 (60 ticks) -> labelled_train.jsonl
2026-06-07 20:28:23,605 INFO labeled day=5935540 (60 ticks) -> labelled_train.jsonl
2026-06-07 20:28:23,617 INFO labeled day=5935541 (60 ticks) -> labelled_train.jsonl
2026-06-07 20:28:23,629 INFO labeled day=5935542 (60 ticks) -> labelled_train.jsonl
2026-06-07 20:28:23,640 INFO labeled day=5935543 (60 ticks) -> labelled_train.jsonl
2026-06-07 20:28:23,652 INFO labeled day=5935544 (60 ticks) -> labelled_train.jsonl
2026-06-07 20:28:23,664 INFO labeled day=5935545 (60 ticks) -> labelled_train.jsonl
2026-06-07 20:28:23,679 INFO labeled day=5935546 (60 ticks) -> labelled_train.jsonl
2026-06-07 20:28:23,691 INFO labeled day=5935547 (60 ticks) -> labelled_train.jsonl
2026-06-07 20:28:23,704 INFO labeled day=5935548 (60 ticks) -> labelled_train.jsonl
2026-06-07 20:28:23,717 INFO labeled day=5935551 (60 ticks) -> labelled_train.jsonl
2026-06-07 20:28:23,730 INFO labeled day=5935552 (60 ticks) -> labelled_train.jsonl
2026-06-07 20:28:23,743 INFO labeled day=5935553 (60 ticks) -> labelled_train.jsonl
2026-06-07 20:28:23,754 INFO labeled day=5935555 (60 ticks) -> labelled_train.jsonl
2026-06-07 20:28:23,767 INFO labeled day=5935556 (60 ticks) -> labelled_train.jsonl
2026-06-07 20:28:23,778 INFO labeled day=5935557 (60 ticks) -> labelled_train.jsonl
2026-06-07 20:28:23,789 INFO labeled day=5935558 (60 ticks) -> labelled_train.jsonl
2026-06-07 20:28:23,801 INFO labeled day=5935559 (60 ticks) -> labelled_train.jsonl
2026-06-07 20:28:23,813 INFO labeled day=5935560 (60 ticks) -> labelled_train.jsonl
2026-06-07 20:28:23,825 INFO labeled day=5935561 (60 ticks) -> labelled_train.jsonl
2026-06-07 20:28:23,835 INFO labeled day=5935562 (60 ticks) -> labelled_train.jsonl
2026-06-07 20:28:23,846 INFO labeled day=5935563 (60 ticks) -> labelled_train.jsonl
2026-06-07 20:28:23,856 INFO labeled day=5935565 (60 ticks) -> labelled_train.jsonl
2026-06-07 20:28:23,867 INFO labeled day=5935566 (60 ticks) -> labelled_train.jsonl
2026-06-07 20:28:23,877 INFO labeled day=5935568 (60 ticks) -> labelled_train.jsonl
2026-06-07 20:28:23,888 INFO labeled day=5935570 (60 ticks) -> labelled_train.jsonl
2026-06-07 20:28:23,898 INFO labeled day=5935572 (60 ticks) -> labelled_train.jsonl
2026-06-07 20:28:23,908 INFO labeled day=5935573 (60 ticks) -> labelled_train.jsonl
2026-06-07 20:28:23,923 INFO labeled day=5935576 (60 ticks) -> labelled_train.jsonl
2026-06-07 20:28:23,933 INFO labeled day=5935577 (60 ticks) -> labelled_train.jsonl
2026-06-07 20:28:23,944 INFO labeled day=5935578 (60 ticks) -> labelled_train.jsonl
2026-06-07 20:28:23,954 INFO labeled day=5935579 (60 ticks) -> labelled_train.jsonl
2026-06-07 20:28:23,964 INFO labeled day=5935580 (60 ticks) -> labelled_train.jsonl
2026-06-07 20:28:23,978 INFO labeled day=5935581 (60 ticks) -> labelled_train.jsonl
2026-06-07 20:28:23,988 INFO labeled day=5935582 (60 ticks) -> labelled_train.jsonl
2026-06-07 20:28:23,998 INFO labeled day=5935584 (60 ticks) -> labelled_train.jsonl
2026-06-07 20:28:24,010 INFO labeled day=5935585 (60 ticks) -> labelled_train.jsonl
2026-06-07 20:28:24,020 INFO labeled day=5935586 (60 ticks) -> labelled_train.jsonl
2026-06-07 20:28:24,030 INFO labeled day=5935587 (60 ticks) -> labelled_train.jsonl
2026-06-07 20:28:24,041 INFO labeled day=5935588 (60 ticks) -> labelled_train.jsonl
2026-06-07 20:28:24,052 INFO labeled day=5935589 (60 ticks) -> labelled_train.jsonl
2026-06-07 20:28:24,062 INFO labeled day=5935590 (60 ticks) -> labelled_train.jsonl
2026-06-07 20:28:24,073 INFO labeled day=5935591 (60 ticks) -> labelled_train.jsonl
2026-06-07 20:28:24,085 INFO labeled day=5935592 (60 ticks) -> labelled_train.jsonl
2026-06-07 20:28:24,096 INFO labeled day=5935593 (60 ticks) -> labelled_train.jsonl
2026-06-07 20:28:24,111 INFO labeled day=5935594 (60 ticks) -> labelled_train.jsonl
2026-06-07 20:28:24,122 INFO labeled day=5935595 (60 ticks) -> labelled_train.jsonl
2026-06-07 20:28:24,135 INFO labeled day=5935596 (60 ticks) -> labelled_train.jsonl
2026-06-07 20:28:24,146 INFO labeled day=5935597 (60 ticks) -> labelled_train.jsonl
2026-06-07 20:28:24,157 INFO labeled day=5935598 (60 ticks) -> labelled_train.jsonl
2026-06-07 20:28:24,168 INFO labeled day=5935599 (60 ticks) -> labelled_train.jsonl
2026-06-07 20:28:24,174 INFO labeled day=5935600 (60 ticks) -> labelled_train.jsonl
2026-06-07 20:28:24,179 INFO labeled day=5935601 (60 ticks) -> labelled_train.jsonl
2026-06-07 20:28:24,185 INFO labeled day=5935602 (60 ticks) -> labelled_train.jsonl
2026-06-07 20:28:24,191 INFO labeled day=5935603 (60 ticks) -> labelled_train.jsonl
2026-06-07 20:28:24,196 INFO labeled day=5935605 (60 ticks) -> labelled_train.jsonl
2026-06-07 20:28:24,201 INFO labeled day=5935606 (60 ticks) -> labelled_train.jsonl
2026-06-07 20:28:24,211 INFO labeled day=5935607 (60 ticks) -> labelled_train.jsonl
2026-06-07 20:28:24,218 INFO labeled day=5935608 (60 ticks) -> labelled_train.jsonl
2026-06-07 20:28:24,222 INFO labeled day=5935609 (60 ticks) -> labelled_train.jsonl
2026-06-07 20:28:24,226 INFO labeled day=5935610 (60 ticks) -> labelled_train.jsonl
2026-06-07 20:28:24,230 INFO labeled day=5935612 (60 ticks) -> labelled_train.jsonl
2026-06-07 20:28:24,234 INFO labeled day=5935613 (60 ticks) -> labelled_train.jsonl
2026-06-07 20:28:24,239 INFO labeled day=5935614 (60 ticks) -> labelled_train.jsonl
2026-06-07 20:28:24,243 INFO labeled day=5935615 (60 ticks) -> labelled_train.jsonl
2026-06-07 20:28:24,247 INFO labeled day=5935616 (60 ticks) -> labelled_train.jsonl
2026-06-07 20:28:24,251 INFO labeled day=5935617 (60 ticks) -> labelled_train.jsonl
2026-06-07 20:28:24,256 INFO labeled day=5935618 (60 ticks) -> labelled_train.jsonl
2026-06-07 20:28:24,260 INFO labeled day=5935619 (60 ticks) -> labelled_train.jsonl
2026-06-07 20:28:24,265 INFO labeled day=5935620 (60 ticks) -> labelled_train.jsonl
2026-06-07 20:28:24,269 INFO labeled day=5935621 (60 ticks) -> labelled_train.jsonl
2026-06-07 20:28:24,273 INFO labeled day=5935623 (60 ticks) -> labelled_train.jsonl
2026-06-07 20:28:24,278 INFO labeled day=5935626 (60 ticks) -> labelled_train.jsonl
2026-06-07 20:28:24,282 INFO labeled day=5935627 (60 ticks) -> labelled_train.jsonl
2026-06-07 20:28:24,286 INFO labeled day=5935629 (60 ticks) -> labelled_train.jsonl
2026-06-07 20:28:24,290 INFO labeled day=5935630 (60 ticks) -> labelled_train.jsonl
2026-06-07 20:28:24,294 INFO labeled day=5935634 (60 ticks) -> labelled_train.jsonl
2026-06-07 20:28:24,298 INFO labeled day=5935635 (60 ticks) -> labelled_train.jsonl
2026-06-07 20:28:24,302 INFO labeled day=5935637 (60 ticks) -> labelled_train.jsonl
2026-06-07 20:28:24,306 INFO labeled day=5935638 (60 ticks) -> labelled_train.jsonl
2026-06-07 20:28:24,310 INFO labeled day=5935639 (60 ticks) -> labelled_train.jsonl
2026-06-07 20:28:24,314 INFO labeled day=5935640 (60 ticks) -> labelled_train.jsonl
2026-06-07 20:28:24,318 INFO labeled day=5935643 (60 ticks) -> labelled_train.jsonl
2026-06-07 20:28:24,322 INFO labeled day=5935644 (60 ticks) -> labelled_train.jsonl
2026-06-07 20:28:24,326 INFO labeled day=5935645 (60 ticks) -> labelled_train.jsonl
2026-06-07 20:28:24,331 INFO labeled day=5935647 (60 ticks) -> labelled_train.jsonl
2026-06-07 20:28:24,336 INFO labeled day=5935648 (60 ticks) -> labelled_train.jsonl
2026-06-07 20:28:24,341 INFO labeled day=5935649 (60 ticks) -> labelled_train.jsonl
2026-06-07 20:28:24,345 INFO labeled day=5935650 (60 ticks) -> labelled_train.jsonl
2026-06-07 20:28:24,350 INFO labeled day=5935651 (60 ticks) -> labelled_train.jsonl
2026-06-07 20:28:24,355 INFO labeled day=5935652 (60 ticks) -> labelled_train.jsonl
2026-06-07 20:28:24,359 INFO labeled day=5935653 (60 ticks) -> labelled_train.jsonl
2026-06-07 20:28:24,364 INFO labeled day=5935654 (60 ticks) -> labelled_train.jsonl
2026-06-07 20:28:24,369 INFO labeled day=5935655 (60 ticks) -> labelled_train.jsonl
2026-06-07 20:28:24,373 INFO labeled day=5935656 (60 ticks) -> labelled_train.jsonl
2026-06-07 20:28:24,378 INFO labeled day=5935657 (60 ticks) -> labelled_train.jsonl
2026-06-07 20:28:24,384 INFO labeled day=5935659 (60 ticks) -> labelled_train.jsonl
2026-06-07 20:28:24,388 INFO labeled day=5935661 (60 ticks) -> labelled_train.jsonl
2026-06-07 20:28:24,394 INFO labeled day=5935662 (60 ticks) -> labelled_train.jsonl
2026-06-07 20:28:24,398 INFO labeled day=5935663 (60 ticks) -> labelled_train.jsonl
2026-06-07 20:28:24,403 INFO labeled day=5935664 (60 ticks) -> labelled_train.jsonl
2026-06-07 20:28:24,407 INFO labeled day=5935666 (60 ticks) -> labelled_train.jsonl
2026-06-07 20:28:24,411 INFO labeled day=5935667 (60 ticks) -> labelled_train.jsonl
2026-06-07 20:28:24,415 INFO labeled day=5935668 (60 ticks) -> labelled_train.jsonl
2026-06-07 20:28:24,419 INFO labeled day=5935669 (60 ticks) -> labelled_train.jsonl
2026-06-07 20:28:24,423 INFO labeled day=5935670 (60 ticks) -> labelled_train.jsonl
2026-06-07 20:28:24,427 INFO labeled day=5935671 (60 ticks) -> labelled_train.jsonl
2026-06-07 20:28:24,432 INFO labeled day=5935672 (60 ticks) -> labelled_train.jsonl
2026-06-07 20:28:24,436 INFO labeled day=5935673 (60 ticks) -> labelled_train.jsonl
2026-06-07 20:28:24,440 INFO labeled day=5935674 (60 ticks) -> labelled_train.jsonl
2026-06-07 20:28:24,445 INFO labeled day=5935675 (60 ticks) -> labelled_train.jsonl
2026-06-07 20:28:24,449 INFO labeled day=5935676 (60 ticks) -> labelled_train.jsonl
2026-06-07 20:28:24,453 INFO labeled day=5935680 (60 ticks) -> labelled_train.jsonl
2026-06-07 20:28:24,457 INFO labeled day=5935683 (60 ticks) -> labelled_train.jsonl
2026-06-07 20:28:24,461 INFO labeled day=5935685 (60 ticks) -> labelled_train.jsonl
2026-06-07 20:28:24,466 INFO labeled day=5935686 (60 ticks) -> labelled_train.jsonl
2026-06-07 20:28:24,470 INFO labeled day=5935687 (60 ticks) -> labelled_train.jsonl
2026-06-07 20:28:24,474 INFO labeled day=5935688 (60 ticks) -> labelled_train.jsonl
2026-06-07 20:28:24,478 INFO labeled day=5935690 (60 ticks) -> labelled_train.jsonl
2026-06-07 20:28:24,483 INFO labeled day=5935691 (60 ticks) -> labelled_train.jsonl
2026-06-07 20:28:24,487 INFO labeled day=5935694 (60 ticks) -> labelled_train.jsonl
2026-06-07 20:28:24,491 INFO labeled day=5935695 (60 ticks) -> labelled_train.jsonl
2026-06-07 20:28:24,495 INFO labeled day=5935696 (60 ticks) -> labelled_train.jsonl
2026-06-07 20:28:24,500 INFO labeled day=5935697 (60 ticks) -> labelled_train.jsonl
2026-06-07 20:28:24,504 INFO labeled day=5935698 (60 ticks) -> labelled_train.jsonl
2026-06-07 20:28:24,508 INFO labeled day=5935699 (60 ticks) -> labelled_train.jsonl
2026-06-07 20:28:24,512 INFO labeled day=5935700 (60 ticks) -> labelled_train.jsonl
2026-06-07 20:28:24,517 INFO labeled day=5935701 (60 ticks) -> labelled_train.jsonl
2026-06-07 20:28:24,522 INFO labeled day=5935702 (60 ticks) -> labelled_train.jsonl
2026-06-07 20:28:24,526 INFO labeled day=5935703 (60 ticks) -> labelled_train.jsonl
2026-06-07 20:28:24,530 INFO labeled day=5935704 (60 ticks) -> labelled_train.jsonl
2026-06-07 20:28:24,534 INFO labeled day=5935706 (60 ticks) -> labelled_train.jsonl
2026-06-07 20:28:24,539 INFO labeled day=5935707 (60 ticks) -> labelled_train.jsonl
2026-06-07 20:28:24,543 INFO labeled day=5935708 (60 ticks) -> labelled_train.jsonl
2026-06-07 20:28:24,547 INFO labeled day=5935710 (60 ticks) -> labelled_train.jsonl
2026-06-07 20:28:24,553 INFO labeled day=5935711 (60 ticks) -> labelled_train.jsonl
2026-06-07 20:28:24,557 INFO labeled day=5935712 (60 ticks) -> labelled_train.jsonl
2026-06-07 20:28:24,562 INFO labeled day=5935713 (60 ticks) -> labelled_train.jsonl
2026-06-07 20:28:24,566 INFO labeled day=5935714 (60 ticks) -> labelled_train.jsonl
2026-06-07 20:28:24,570 INFO labeled day=5935715 (60 ticks) -> labelled_train.jsonl
2026-06-07 20:28:24,574 INFO labeled day=5935716 (60 ticks) -> labelled_train.jsonl
2026-06-07 20:28:24,578 INFO labeled day=5935717 (60 ticks) -> labelled_train.jsonl
2026-06-07 20:28:24,583 INFO labeled day=5935718 (60 ticks) -> labelled_train.jsonl
2026-06-07 20:28:24,587 INFO labeled day=5935719 (60 ticks) -> labelled_train.jsonl
2026-06-07 20:28:24,591 INFO labeled day=5935720 (60 ticks) -> labelled_train.jsonl
2026-06-07 20:28:24,595 INFO labeled day=5935721 (60 ticks) -> labelled_train.jsonl
2026-06-07 20:28:24,599 INFO labeled day=5935722 (60 ticks) -> labelled_train.jsonl
2026-06-07 20:28:24,604 INFO labeled day=5935723 (60 ticks) -> labelled_train.jsonl
2026-06-07 20:28:24,608 INFO labeled day=5935724 (60 ticks) -> labelled_train.jsonl
2026-06-07 20:28:24,612 INFO labeled day=5935725 (60 ticks) -> labelled_train.jsonl
2026-06-07 20:28:24,617 INFO labeled day=5935726 (60 ticks) -> labelled_train.jsonl
2026-06-07 20:28:24,625 INFO labeled day=5935727 (60 ticks) -> labelled_train.jsonl
2026-06-07 20:28:24,630 INFO labeled day=5935728 (60 ticks) -> labelled_train.jsonl
2026-06-07 20:28:24,635 INFO labeled day=5935729 (60 ticks) -> labelled_train.jsonl
2026-06-07 20:28:24,639 INFO labeled day=5935730 (60 ticks) -> labelled_train.jsonl
2026-06-07 20:28:24,644 INFO labeled day=5935733 (60 ticks) -> labelled_train.jsonl
2026-06-07 20:28:24,653 INFO labeled day=5935734 (60 ticks) -> labelled_train.jsonl
2026-06-07 20:28:24,658 INFO labeled day=5935735 (60 ticks) -> labelled_train.jsonl
2026-06-07 20:28:24,668 INFO labeled day=5935736 (60 ticks) -> labelled_train.jsonl
2026-06-07 20:28:24,672 INFO labeled day=5935737 (60 ticks) -> labelled_train.jsonl
2026-06-07 20:28:24,677 INFO labeled day=5935738 (60 ticks) -> labelled_train.jsonl
2026-06-07 20:28:24,681 INFO labeled day=5935739 (60 ticks) -> labelled_train.jsonl
2026-06-07 20:28:24,685 INFO labeled day=5935740 (60 ticks) -> labelled_train.jsonl
2026-06-07 20:28:24,690 INFO labeled day=5935742 (60 ticks) -> labelled_train.jsonl
2026-06-07 20:28:24,694 INFO labeled day=5935743 (60 ticks) -> labelled_train.jsonl
2026-06-07 20:28:24,698 INFO labeled day=5935744 (60 ticks) -> labelled_train.jsonl
2026-06-07 20:28:24,702 INFO labeled day=5935745 (60 ticks) -> labelled_train.jsonl
2026-06-07 20:28:24,706 INFO labeled day=5935746 (60 ticks) -> labelled_train.jsonl
2026-06-07 20:28:24,710 INFO labeled day=5935747 (60 ticks) -> labelled_train.jsonl
2026-06-07 20:28:24,714 INFO labeled day=5935748 (60 ticks) -> labelled_train.jsonl
2026-06-07 20:28:24,718 INFO labeled day=5935749 (60 ticks) -> labelled_train.jsonl
2026-06-07 20:28:24,722 INFO labeled day=5935750 (60 ticks) -> labelled_train.jsonl
2026-06-07 20:28:24,727 INFO labeled day=5935751 (60 ticks) -> labelled_train.jsonl
2026-06-07 20:28:24,731 INFO labeled day=5935752 (60 ticks) -> labelled_train.jsonl
2026-06-07 20:28:24,735 INFO labeled day=5935754 (60 ticks) -> labelled_train.jsonl
2026-06-07 20:28:24,739 INFO labeled day=5935755 (60 ticks) -> labelled_train.jsonl
2026-06-07 20:28:24,743 INFO labeled day=5935756 (60 ticks) -> labelled_train.jsonl
2026-06-07 20:28:24,747 INFO labeled day=5935758 (60 ticks) -> labelled_train.jsonl
2026-06-07 20:28:24,752 INFO labeled day=5935759 (60 ticks) -> labelled_train.jsonl
2026-06-07 20:28:24,764 INFO labeled day=5935760 (60 ticks) -> labelled_train.jsonl
2026-06-07 20:28:24,769 INFO labeled day=5935762 (60 ticks) -> labelled_train.jsonl
2026-06-07 20:28:24,773 INFO labeled day=5935763 (60 ticks) -> labelled_train.jsonl
2026-06-07 20:28:24,778 INFO labeled day=5935764 (60 ticks) -> labelled_train.jsonl
2026-06-07 20:28:24,782 INFO labeled day=5935765 (60 ticks) -> labelled_train.jsonl
2026-06-07 20:28:24,787 INFO labeled day=5935766 (60 ticks) -> labelled_train.jsonl
2026-06-07 20:28:24,791 INFO labeled day=5935767 (60 ticks) -> labelled_train.jsonl
2026-06-07 20:28:24,795 INFO labeled day=5935768 (60 ticks) -> labelled_train.jsonl
2026-06-07 20:28:24,800 INFO labeled day=5935769 (60 ticks) -> labelled_train.jsonl
2026-06-07 20:28:24,804 INFO labeled day=5935770 (60 ticks) -> labelled_train.jsonl
2026-06-07 20:28:24,808 INFO labeled day=5935771 (60 ticks) -> labelled_train.jsonl
2026-06-07 20:28:24,812 INFO labeled day=5935773 (60 ticks) -> labelled_train.jsonl
2026-06-07 20:28:24,816 INFO labeled day=5935774 (60 ticks) -> labelled_train.jsonl
2026-06-07 20:28:24,821 INFO labeled day=5935775 (60 ticks) -> labelled_train.jsonl
2026-06-07 20:28:24,825 INFO labeled day=5935777 (60 ticks) -> labelled_train.jsonl
2026-06-07 20:28:24,829 INFO labeled day=5935778 (60 ticks) -> labelled_train.jsonl
2026-06-07 20:28:24,834 INFO labeled day=5935780 (60 ticks) -> labelled_train.jsonl
2026-06-07 20:28:24,838 INFO labeled day=5935781 (60 ticks) -> labelled_train.jsonl
2026-06-07 20:28:24,842 INFO labeled day=5935783 (60 ticks) -> labelled_train.jsonl
2026-06-07 20:28:24,846 INFO labeled day=5935784 (60 ticks) -> labelled_train.jsonl
2026-06-07 20:28:24,851 INFO labeled day=5935785 (60 ticks) -> labelled_train.jsonl
2026-06-07 20:28:24,855 INFO labeled day=5935786 (60 ticks) -> labelled_train.jsonl
2026-06-07 20:28:24,859 INFO labeled day=5935787 (60 ticks) -> labelled_train.jsonl
2026-06-07 20:28:24,863 INFO labeled day=5935789 (60 ticks) -> labelled_train.jsonl
2026-06-07 20:28:24,868 INFO labeled day=5935790 (60 ticks) -> labelled_train.jsonl
2026-06-07 20:28:24,873 INFO labeled day=5935791 (60 ticks) -> labelled_train.jsonl
2026-06-07 20:28:24,877 INFO labeled day=5935792 (60 ticks) -> labelled_train.jsonl
2026-06-07 20:28:24,882 INFO labeled day=5935793 (60 ticks) -> labelled_train.jsonl
2026-06-07 20:28:24,886 INFO labeled day=5935794 (60 ticks) -> labelled_train.jsonl
2026-06-07 20:28:24,891 INFO labeled day=5935795 (60 ticks) -> labelled_train.jsonl
2026-06-07 20:28:24,896 INFO labeled day=5935800 (60 ticks) -> labelled_train.jsonl
2026-06-07 20:28:24,900 INFO labeled day=5935801 (60 ticks) -> labelled_train.jsonl
2026-06-07 20:28:24,905 INFO labeled day=5935802 (60 ticks) -> labelled_train.jsonl
2026-06-07 20:28:24,909 INFO labeled day=5935804 (60 ticks) -> labelled_train.jsonl
2026-06-07 20:28:24,913 INFO labeled day=5935805 (60 ticks) -> labelled_train.jsonl
2026-06-07 20:28:24,917 INFO labeled day=5935806 (60 ticks) -> labelled_train.jsonl
2026-06-07 20:28:24,921 INFO labeled day=5935807 (60 ticks) -> labelled_train.jsonl
2026-06-07 20:28:24,925 INFO labeled day=5935808 (60 ticks) -> labelled_train.jsonl
2026-06-07 20:28:24,930 INFO labeled day=5935809 (60 ticks) -> labelled_train.jsonl
2026-06-07 20:28:24,934 INFO labeled day=5935810 (60 ticks) -> labelled_train.jsonl
2026-06-07 20:28:24,939 INFO labeled day=5935811 (60 ticks) -> labelled_train.jsonl
2026-06-07 20:28:24,943 INFO labeled day=5935812 (60 ticks) -> labelled_train.jsonl
2026-06-07 20:28:24,948 INFO labeled day=5935813 (60 ticks) -> labelled_train.jsonl
2026-06-07 20:28:24,953 INFO labeled day=5935815 (60 ticks) -> labelled_train.jsonl
2026-06-07 20:28:24,957 INFO labeled day=5935816 (60 ticks) -> labelled_train.jsonl
2026-06-07 20:28:24,962 INFO labeled day=5935818 (60 ticks) -> labelled_train.jsonl
2026-06-07 20:28:24,966 INFO labeled day=5935820 (60 ticks) -> labelled_train.jsonl
2026-06-07 20:28:24,970 INFO labeled day=5935821 (60 ticks) -> labelled_train.jsonl
2026-06-07 20:28:24,975 INFO labeled day=5935822 (60 ticks) -> labelled_train.jsonl
2026-06-07 20:28:24,979 INFO labeled day=5935823 (60 ticks) -> labelled_train.jsonl
2026-06-07 20:28:24,983 INFO labeled day=5935824 (60 ticks) -> labelled_train.jsonl
2026-06-07 20:28:24,987 INFO labeled day=5935825 (60 ticks) -> labelled_train.jsonl
2026-06-07 20:28:24,992 INFO labeled day=5935826 (60 ticks) -> labelled_train.jsonl
2026-06-07 20:28:24,996 INFO labeled day=5935827 (60 ticks) -> labelled_train.jsonl
2026-06-07 20:28:25,001 INFO labeled day=5935828 (60 ticks) -> labelled_train.jsonl
2026-06-07 20:28:25,005 INFO labeled day=5935829 (60 ticks) -> labelled_train.jsonl
2026-06-07 20:28:25,009 INFO labeled day=5935830 (60 ticks) -> labelled_train.jsonl
2026-06-07 20:28:25,013 INFO labeled day=5935831 (60 ticks) -> labelled_train.jsonl
2026-06-07 20:28:25,018 INFO labeled day=5935832 (60 ticks) -> labelled_train.jsonl
2026-06-07 20:28:25,023 INFO labeled day=5935833 (60 ticks) -> labelled_train.jsonl
2026-06-07 20:28:25,027 INFO labeled day=5935834 (60 ticks) -> labelled_train.jsonl
2026-06-07 20:28:25,032 INFO labeled day=5935835 (60 ticks) -> labelled_train.jsonl
2026-06-07 20:28:25,036 INFO labeled day=5935836 (60 ticks) -> labelled_train.jsonl
2026-06-07 20:28:25,040 INFO labeled day=5935837 (60 ticks) -> labelled_train.jsonl
2026-06-07 20:28:25,044 INFO labeled day=5935839 (60 ticks) -> labelled_train.jsonl
2026-06-07 20:28:25,049 INFO labeled day=5935840 (60 ticks) -> labelled_train.jsonl
2026-06-07 20:28:25,053 INFO labeled day=5935842 (60 ticks) -> labelled_train.jsonl
2026-06-07 20:28:25,057 INFO labeled day=5935843 (60 ticks) -> labelled_train.jsonl
2026-06-07 20:28:25,062 INFO labeled day=5935844 (60 ticks) -> labelled_train.jsonl
2026-06-07 20:28:25,066 INFO labeled day=5935845 (60 ticks) -> labelled_train.jsonl
2026-06-07 20:28:25,070 INFO labeled day=5935846 (60 ticks) -> labelled_train.jsonl
2026-06-07 20:28:25,074 INFO labeled day=5935848 (60 ticks) -> labelled_train.jsonl
2026-06-07 20:28:25,079 INFO labeled day=5935849 (60 ticks) -> labelled_train.jsonl
2026-06-07 20:28:25,083 INFO labeled day=5935850 (60 ticks) -> labelled_train.jsonl
2026-06-07 20:28:25,087 INFO labeled day=5935851 (60 ticks) -> labelled_train.jsonl
2026-06-07 20:28:25,092 INFO labeled day=5935852 (60 ticks) -> labelled_train.jsonl
2026-06-07 20:28:25,096 INFO labeled day=5935853 (60 ticks) -> labelled_train.jsonl
2026-06-07 20:28:25,101 INFO labeled day=5935855 (60 ticks) -> labelled_train.jsonl
2026-06-07 20:28:25,105 INFO labeled day=5935856 (60 ticks) -> labelled_train.jsonl
2026-06-07 20:28:25,109 INFO labeled day=5935857 (60 ticks) -> labelled_train.jsonl
2026-06-07 20:28:25,113 INFO labeled day=5935858 (60 ticks) -> labelled_train.jsonl
2026-06-07 20:28:25,118 INFO labeled day=5935859 (60 ticks) -> labelled_train.jsonl
2026-06-07 20:28:25,123 INFO labeled day=5935860 (60 ticks) -> labelled_train.jsonl
2026-06-07 20:28:25,127 INFO labeled day=5935861 (60 ticks) -> labelled_train.jsonl
2026-06-07 20:28:25,131 INFO labeled day=5935862 (60 ticks) -> labelled_train.jsonl
2026-06-07 20:28:25,136 INFO labeled day=5935863 (60 ticks) -> labelled_train.jsonl
2026-06-07 20:28:25,141 INFO labeled day=5935864 (60 ticks) -> labelled_train.jsonl
2026-06-07 20:28:25,145 INFO labeled day=5935865 (60 ticks) -> labelled_train.jsonl
2026-06-07 20:28:25,150 INFO labeled day=5935866 (60 ticks) -> labelled_train.jsonl
2026-06-07 20:28:25,154 INFO labeled day=5935867 (60 ticks) -> labelled_train.jsonl
2026-06-07 20:28:25,158 INFO labeled day=5935869 (60 ticks) -> labelled_train.jsonl
2026-06-07 20:28:25,162 INFO labeled day=5935870 (60 ticks) -> labelled_train.jsonl
2026-06-07 20:28:25,166 INFO labeled day=5935871 (60 ticks) -> labelled_train.jsonl
2026-06-07 20:28:25,170 INFO labeled day=5935872 (60 ticks) -> labelled_train.jsonl
2026-06-07 20:28:25,175 INFO labeled day=5935874 (60 ticks) -> labelled_train.jsonl
2026-06-07 20:28:25,179 INFO labeled day=5935875 (60 ticks) -> labelled_train.jsonl
2026-06-07 20:28:25,184 INFO labeled day=5935876 (60 ticks) -> labelled_train.jsonl
2026-06-07 20:28:25,188 INFO labeled day=5935877 (60 ticks) -> labelled_train.jsonl
2026-06-07 20:28:25,192 INFO labeled day=5935880 (60 ticks) -> labelled_train.jsonl
2026-06-07 20:28:25,196 INFO labeled day=5935881 (60 ticks) -> labelled_train.jsonl
2026-06-07 20:28:25,200 INFO labeled day=5935883 (60 ticks) -> labelled_train.jsonl
2026-06-07 20:28:25,205 INFO labeled day=5935884 (60 ticks) -> labelled_train.jsonl
2026-06-07 20:28:25,209 INFO labeled day=5935885 (60 ticks) -> labelled_train.jsonl
2026-06-07 20:28:25,213 INFO labeled day=5935886 (60 ticks) -> labelled_train.jsonl
2026-06-07 20:28:25,217 INFO labeled day=5935887 (60 ticks) -> labelled_train.jsonl
2026-06-07 20:28:25,222 INFO labeled day=5935889 (60 ticks) -> labelled_train.jsonl
2026-06-07 20:28:25,226 INFO labeled day=5935890 (60 ticks) -> labelled_train.jsonl
2026-06-07 20:28:25,231 INFO labeled day=5935891 (60 ticks) -> labelled_train.jsonl
2026-06-07 20:28:25,236 INFO labeled day=5935892 (60 ticks) -> labelled_train.jsonl
2026-06-07 20:28:25,240 INFO labeled day=5935893 (60 ticks) -> labelled_train.jsonl
2026-06-07 20:28:25,244 INFO labeled day=5935894 (60 ticks) -> labelled_train.jsonl
2026-06-07 20:28:25,249 INFO labeled day=5935895 (60 ticks) -> labelled_train.jsonl
2026-06-07 20:28:25,254 INFO labeled day=5935896 (60 ticks) -> labelled_train.jsonl
2026-06-07 20:28:25,258 INFO labeled day=5935897 (60 ticks) -> labelled_train.jsonl
2026-06-07 20:28:25,262 INFO labeled day=5935898 (60 ticks) -> labelled_train.jsonl
2026-06-07 20:28:25,266 INFO labeled day=5935899 (60 ticks) -> labelled_train.jsonl
2026-06-07 20:28:25,271 INFO labeled day=5935900 (60 ticks) -> labelled_train.jsonl
2026-06-07 20:28:25,275 INFO labeled day=5935901 (60 ticks) -> labelled_train.jsonl
2026-06-07 20:28:25,279 INFO labeled day=5935902 (60 ticks) -> labelled_train.jsonl
2026-06-07 20:28:25,284 INFO labeled day=5935903 (60 ticks) -> labelled_train.jsonl
2026-06-07 20:28:25,288 INFO labeled day=5935904 (60 ticks) -> labelled_train.jsonl
2026-06-07 20:28:25,292 INFO labeled day=5935905 (60 ticks) -> labelled_train.jsonl
2026-06-07 20:28:25,296 INFO labeled day=5935906 (60 ticks) -> labelled_train.jsonl
2026-06-07 20:28:25,300 INFO labeled day=5935907 (60 ticks) -> labelled_train.jsonl
2026-06-07 20:28:25,304 INFO labeled day=5935908 (60 ticks) -> labelled_train.jsonl
2026-06-07 20:28:25,308 INFO labeled day=5935909 (60 ticks) -> labelled_train.jsonl
2026-06-07 20:28:25,312 INFO labeled day=5935910 (60 ticks) -> labelled_train.jsonl
2026-06-07 20:28:25,317 INFO labeled day=5935911 (60 ticks) -> labelled_train.jsonl
2026-06-07 20:28:25,321 INFO labeled day=5935912 (60 ticks) -> labelled_train.jsonl
2026-06-07 20:28:25,325 INFO labeled day=5935913 (60 ticks) -> labelled_train.jsonl
2026-06-07 20:28:25,329 INFO labeled day=5935915 (60 ticks) -> labelled_train.jsonl
2026-06-07 20:28:25,334 INFO labeled day=5935916 (60 ticks) -> labelled_train.jsonl
2026-06-07 20:28:25,338 INFO labeled day=5935917 (60 ticks) -> labelled_train.jsonl
2026-06-07 20:28:25,342 INFO labeled day=5935918 (60 ticks) -> labelled_train.jsonl
2026-06-07 20:28:25,347 INFO labeled day=5935919 (60 ticks) -> labelled_train.jsonl
2026-06-07 20:28:25,351 INFO labeled day=5935921 (60 ticks) -> labelled_train.jsonl
2026-06-07 20:28:25,356 INFO labeled day=5935922 (60 ticks) -> labelled_train.jsonl
2026-06-07 20:28:25,360 INFO labeled day=5935923 (60 ticks) -> labelled_train.jsonl
2026-06-07 20:28:25,364 INFO labeled day=5935924 (60 ticks) -> labelled_train.jsonl
2026-06-07 20:28:25,369 INFO labeled day=5935925 (60 ticks) -> labelled_train.jsonl
2026-06-07 20:28:25,373 INFO labeled day=5935927 (60 ticks) -> labelled_train.jsonl
2026-06-07 20:28:25,377 INFO labeled day=5935928 (60 ticks) -> labelled_train.jsonl
2026-06-07 20:28:25,381 INFO labeled day=5935929 (60 ticks) -> labelled_train.jsonl
2026-06-07 20:28:25,385 INFO labeled day=5935931 (60 ticks) -> labelled_train.jsonl
2026-06-07 20:28:25,389 INFO labeled day=5935932 (60 ticks) -> labelled_train.jsonl
2026-06-07 20:28:25,394 INFO labeled day=5935933 (60 ticks) -> labelled_train.jsonl
2026-06-07 20:28:25,398 INFO labeled day=5935934 (60 ticks) -> labelled_train.jsonl
2026-06-07 20:28:25,402 INFO labeled day=5935935 (60 ticks) -> labelled_train.jsonl
2026-06-07 20:28:25,407 INFO labeled day=5935936 (60 ticks) -> labelled_train.jsonl
2026-06-07 20:28:25,411 INFO labeled day=5935937 (60 ticks) -> labelled_train.jsonl
2026-06-07 20:28:25,415 INFO labeled day=5935938 (60 ticks) -> labelled_train.jsonl
2026-06-07 20:28:25,419 INFO labeled day=5935939 (60 ticks) -> labelled_train.jsonl
2026-06-07 20:28:25,424 INFO labeled day=5935940 (60 ticks) -> labelled_train.jsonl
2026-06-07 20:28:25,428 INFO labeled day=5935941 (60 ticks) -> labelled_train.jsonl
2026-06-07 20:28:25,432 INFO labeled day=5935942 (60 ticks) -> labelled_train.jsonl
2026-06-07 20:28:25,437 INFO labeled day=5935943 (60 ticks) -> labelled_train.jsonl
2026-06-07 20:28:25,441 INFO labeled day=5935944 (60 ticks) -> labelled_train.jsonl
2026-06-07 20:28:25,445 INFO labeled day=5935945 (60 ticks) -> labelled_train.jsonl
2026-06-07 20:28:25,449 INFO labeled day=5935946 (60 ticks) -> labelled_train.jsonl
2026-06-07 20:28:25,454 INFO labeled day=5935947 (60 ticks) -> labelled_train.jsonl
2026-06-07 20:28:25,458 INFO labeled day=5935948 (60 ticks) -> labelled_train.jsonl
2026-06-07 20:28:25,462 INFO labeled day=5935949 (60 ticks) -> labelled_train.jsonl
2026-06-07 20:28:25,466 INFO labeled day=5935951 (60 ticks) -> labelled_train.jsonl
2026-06-07 20:28:25,470 INFO labeled day=5935952 (60 ticks) -> labelled_train.jsonl
2026-06-07 20:28:25,474 INFO labeled day=5935953 (60 ticks) -> labelled_train.jsonl
2026-06-07 20:28:25,478 INFO labeled day=5935954 (60 ticks) -> labelled_train.jsonl
2026-06-07 20:28:25,483 INFO labeled day=5935956 (60 ticks) -> labelled_train.jsonl
2026-06-07 20:28:25,487 INFO labeled day=5935957 (60 ticks) -> labelled_train.jsonl
2026-06-07 20:28:25,491 INFO labeled day=5935959 (60 ticks) -> labelled_train.jsonl
2026-06-07 20:28:25,495 INFO labeled day=5935961 (60 ticks) -> labelled_train.jsonl
2026-06-07 20:28:25,500 INFO labeled day=5935962 (60 ticks) -> labelled_train.jsonl
2026-06-07 20:28:25,504 INFO labeled day=5935963 (60 ticks) -> labelled_train.jsonl
2026-06-07 20:28:25,508 INFO labeled day=5935964 (60 ticks) -> labelled_train.jsonl
2026-06-07 20:28:25,513 INFO labeled day=5935965 (60 ticks) -> labelled_train.jsonl
2026-06-07 20:28:25,517 INFO labeled day=5935966 (60 ticks) -> labelled_train.jsonl
2026-06-07 20:28:25,521 INFO labeled day=5935968 (60 ticks) -> labelled_train.jsonl
2026-06-07 20:28:25,525 INFO labeled day=5935969 (60 ticks) -> labelled_train.jsonl
2026-06-07 20:28:25,530 INFO labeled day=5935970 (60 ticks) -> labelled_train.jsonl
2026-06-07 20:28:25,534 INFO labeled day=5935971 (60 ticks) -> labelled_train.jsonl
2026-06-07 20:28:25,538 INFO labeled day=5935972 (60 ticks) -> labelled_train.jsonl
2026-06-07 20:28:25,542 INFO labeled day=5935973 (60 ticks) -> labelled_train.jsonl
2026-06-07 20:28:25,547 INFO labeled day=5935976 (60 ticks) -> labelled_train.jsonl
2026-06-07 20:28:25,551 INFO labeled day=5935977 (60 ticks) -> labelled_train.jsonl
2026-06-07 20:28:25,556 INFO labeled day=5935978 (60 ticks) -> labelled_train.jsonl
2026-06-07 20:28:25,560 INFO labeled day=5935980 (60 ticks) -> labelled_train.jsonl
2026-06-07 20:28:25,565 INFO labeled day=5935981 (60 ticks) -> labelled_train.jsonl
2026-06-07 20:28:25,569 INFO labeled day=5935982 (60 ticks) -> labelled_train.jsonl
2026-06-07 20:28:25,573 INFO labeled day=5935984 (60 ticks) -> labelled_train.jsonl
2026-06-07 20:28:25,578 INFO labeled day=5935985 (60 ticks) -> labelled_train.jsonl
2026-06-07 20:28:25,583 INFO labeled day=5935986 (60 ticks) -> labelled_train.jsonl
2026-06-07 20:28:25,587 INFO labeled day=5935987 (60 ticks) -> labelled_train.jsonl
2026-06-07 20:28:25,591 INFO labeled day=5935988 (60 ticks) -> labelled_train.jsonl
2026-06-07 20:28:25,595 INFO labeled day=5935990 (60 ticks) -> labelled_train.jsonl
2026-06-07 20:28:25,600 INFO labeled day=5935991 (60 ticks) -> labelled_train.jsonl
2026-06-07 20:28:25,604 INFO labeled day=5935992 (60 ticks) -> labelled_train.jsonl
2026-06-07 20:28:25,608 INFO labeled day=5935993 (60 ticks) -> labelled_train.jsonl
2026-06-07 20:28:25,612 INFO labeled day=5935994 (60 ticks) -> labelled_train.jsonl
2026-06-07 20:28:25,617 INFO labeled day=5935995 (60 ticks) -> labelled_train.jsonl
2026-06-07 20:28:25,622 INFO labeled day=5935996 (60 ticks) -> labelled_train.jsonl
2026-06-07 20:28:25,626 INFO labeled day=5935997 (60 ticks) -> labelled_train.jsonl
2026-06-07 20:28:25,630 INFO labeled day=5935998 (60 ticks) -> labelled_train.jsonl
2026-06-07 20:28:25,635 INFO labeled day=5935999 (60 ticks) -> labelled_train.jsonl
2026-06-07 20:28:25,639 INFO labeled day=5936001 (60 ticks) -> labelled_train.jsonl
2026-06-07 20:28:25,643 INFO labeled day=5936002 (60 ticks) -> labelled_train.jsonl
2026-06-07 20:28:25,647 INFO labeled day=5936003 (60 ticks) -> labelled_train.jsonl
2026-06-07 20:28:25,652 INFO labeled day=5936004 (60 ticks) -> labelled_train.jsonl
2026-06-07 20:28:25,656 INFO labeled day=5936005 (60 ticks) -> labelled_train.jsonl
2026-06-07 20:28:25,660 INFO labeled day=5936008 (60 ticks) -> labelled_train.jsonl
2026-06-07 20:28:25,664 INFO labeled day=5936009 (60 ticks) -> labelled_train.jsonl
2026-06-07 20:28:25,669 INFO labeled day=5936010 (60 ticks) -> labelled_train.jsonl
2026-06-07 20:28:25,673 INFO labeled day=5936011 (60 ticks) -> labelled_train.jsonl
2026-06-07 20:28:25,677 INFO labeled day=5936014 (60 ticks) -> labelled_train.jsonl
2026-06-07 20:28:25,681 INFO labeled day=5936015 (60 ticks) -> labelled_train.jsonl
2026-06-07 20:28:25,685 INFO labeled day=5936016 (60 ticks) -> labelled_train.jsonl
2026-06-07 20:28:25,689 INFO labeled day=5936017 (60 ticks) -> labelled_train.jsonl
2026-06-07 20:28:25,694 INFO labeled day=5936018 (60 ticks) -> labelled_train.jsonl
2026-06-07 20:28:25,699 INFO labeled day=5936020 (60 ticks) -> labelled_train.jsonl
2026-06-07 20:28:25,703 INFO labeled day=5936021 (60 ticks) -> labelled_train.jsonl
2026-06-07 20:28:25,710 INFO labeled day=5936022 (60 ticks) -> labelled_train.jsonl
2026-06-07 20:28:25,715 INFO labeled day=5936023 (60 ticks) -> labelled_train.jsonl
2026-06-07 20:28:25,719 INFO labeled day=5936024 (60 ticks) -> labelled_train.jsonl
2026-06-07 20:28:25,724 INFO labeled day=5936026 (60 ticks) -> labelled_train.jsonl
2026-06-07 20:28:25,729 INFO labeled day=5936028 (60 ticks) -> labelled_train.jsonl
2026-06-07 20:28:25,734 INFO labeled day=5936029 (60 ticks) -> labelled_train.jsonl
2026-06-07 20:28:25,738 INFO labeled day=5936030 (60 ticks) -> labelled_train.jsonl
2026-06-07 20:28:25,742 INFO labeled day=5936031 (60 ticks) -> labelled_train.jsonl
2026-06-07 20:28:25,746 INFO labeled day=5936033 (60 ticks) -> labelled_train.jsonl
2026-06-07 20:28:25,751 INFO labeled day=5936034 (60 ticks) -> labelled_train.jsonl
2026-06-07 20:28:25,755 INFO labeled day=5936035 (60 ticks) -> labelled_train.jsonl
2026-06-07 20:28:25,759 INFO labeled day=5936036 (60 ticks) -> labelled_train.jsonl
2026-06-07 20:28:25,763 INFO labeled day=5936037 (60 ticks) -> labelled_train.jsonl
2026-06-07 20:28:25,769 INFO labeled day=5936038 (60 ticks) -> labelled_train.jsonl
2026-06-07 20:28:25,773 INFO labeled day=5936039 (60 ticks) -> labelled_train.jsonl
2026-06-07 20:28:25,778 INFO labeled day=5936040 (60 ticks) -> labelled_train.jsonl
2026-06-07 20:28:25,783 INFO labeled day=5936041 (60 ticks) -> labelled_train.jsonl
2026-06-07 20:28:25,787 INFO labeled day=5936043 (60 ticks) -> labelled_train.jsonl
2026-06-07 20:28:25,792 INFO labeled day=5936044 (60 ticks) -> labelled_train.jsonl
2026-06-07 20:28:25,797 INFO labeled day=5936045 (60 ticks) -> labelled_train.jsonl
2026-06-07 20:28:25,802 INFO labeled day=5936046 (60 ticks) -> labelled_train.jsonl
2026-06-07 20:28:25,806 INFO labeled day=5936047 (60 ticks) -> labelled_train.jsonl
2026-06-07 20:28:25,810 INFO labeled day=5936048 (60 ticks) -> labelled_train.jsonl
2026-06-07 20:28:25,815 INFO labeled day=5936049 (60 ticks) -> labelled_train.jsonl
2026-06-07 20:28:25,819 INFO labeled day=5936050 (60 ticks) -> labelled_train.jsonl
2026-06-07 20:28:25,824 INFO labeled day=5936053 (60 ticks) -> labelled_train.jsonl
2026-06-07 20:28:25,829 INFO labeled day=5936054 (60 ticks) -> labelled_train.jsonl
2026-06-07 20:28:25,833 INFO labeled day=5936055 (60 ticks) -> labelled_train.jsonl
2026-06-07 20:28:25,838 INFO labeled day=5936056 (60 ticks) -> labelled_train.jsonl
2026-06-07 20:28:25,842 INFO labeled day=5936057 (60 ticks) -> labelled_train.jsonl
2026-06-07 20:28:25,847 INFO labeled day=5936058 (60 ticks) -> labelled_train.jsonl
2026-06-07 20:28:25,851 INFO labeled day=5936061 (60 ticks) -> labelled_train.jsonl
2026-06-07 20:28:25,855 INFO labeled day=5936062 (60 ticks) -> labelled_train.jsonl
2026-06-07 20:28:25,859 INFO labeled day=5936065 (60 ticks) -> labelled_train.jsonl
2026-06-07 20:28:25,863 INFO labeled day=5936066 (60 ticks) -> labelled_train.jsonl
2026-06-07 20:28:25,867 INFO labeled day=5936068 (60 ticks) -> labelled_train.jsonl
2026-06-07 20:28:25,871 INFO labeled day=5936069 (60 ticks) -> labelled_train.jsonl
2026-06-07 20:28:25,876 INFO labeled day=5936070 (60 ticks) -> labelled_train.jsonl
2026-06-07 20:28:25,880 INFO labeled day=5936071 (60 ticks) -> labelled_train.jsonl
2026-06-07 20:28:25,884 INFO labeled day=5936073 (60 ticks) -> labelled_train.jsonl
2026-06-07 20:28:25,888 INFO labeled day=5936075 (60 ticks) -> labelled_train.jsonl
2026-06-07 20:28:25,892 INFO labeled day=5936076 (60 ticks) -> labelled_train.jsonl
2026-06-07 20:28:25,896 INFO labeled day=5936077 (60 ticks) -> labelled_train.jsonl
2026-06-07 20:28:25,900 INFO labeled day=5936078 (60 ticks) -> labelled_train.jsonl
2026-06-07 20:28:25,904 INFO labeled day=5936079 (60 ticks) -> labelled_train.jsonl
2026-06-07 20:28:25,909 INFO labeled day=5936081 (60 ticks) -> labelled_train.jsonl
2026-06-07 20:28:25,913 INFO labeled day=5936082 (60 ticks) -> labelled_train.jsonl
2026-06-07 20:28:25,917 INFO labeled day=5936083 (60 ticks) -> labelled_train.jsonl
2026-06-07 20:28:25,921 INFO labeled day=5936084 (60 ticks) -> labelled_train.jsonl
2026-06-07 20:28:25,925 INFO labeled day=5936085 (60 ticks) -> labelled_train.jsonl
2026-06-07 20:28:25,929 INFO labeled day=5936087 (60 ticks) -> labelled_train.jsonl
2026-06-07 20:28:25,934 INFO labeled day=5936088 (60 ticks) -> labelled_train.jsonl
2026-06-07 20:28:25,938 INFO labeled day=5936089 (60 ticks) -> labelled_train.jsonl
2026-06-07 20:28:25,942 INFO labeled day=5936090 (60 ticks) -> labelled_train.jsonl
2026-06-07 20:28:25,947 INFO labeled day=5936091 (60 ticks) -> labelled_train.jsonl
2026-06-07 20:28:25,951 INFO labeled day=5936092 (60 ticks) -> labelled_train.jsonl
2026-06-07 20:28:25,956 INFO labeled day=5936093 (60 ticks) -> labelled_train.jsonl
2026-06-07 20:28:25,960 INFO labeled day=5936094 (60 ticks) -> labelled_train.jsonl
2026-06-07 20:28:25,965 INFO labeled day=5936096 (60 ticks) -> labelled_train.jsonl
2026-06-07 20:28:25,969 INFO labeled day=5936097 (60 ticks) -> labelled_train.jsonl
2026-06-07 20:28:25,973 INFO labeled day=5936098 (60 ticks) -> labelled_train.jsonl
2026-06-07 20:28:25,977 INFO labeled day=5936099 (60 ticks) -> labelled_train.jsonl
2026-06-07 20:28:25,982 INFO labeled day=5936100 (60 ticks) -> labelled_train.jsonl
2026-06-07 20:28:25,986 INFO labeled day=5936102 (60 ticks) -> labelled_train.jsonl
2026-06-07 20:28:25,990 INFO labeled day=5936103 (60 ticks) -> labelled_train.jsonl
2026-06-07 20:28:25,994 INFO labeled day=5936104 (60 ticks) -> labelled_train.jsonl
2026-06-07 20:28:25,999 INFO labeled day=5936105 (60 ticks) -> labelled_train.jsonl
2026-06-07 20:28:26,003 INFO labeled day=5936106 (60 ticks) -> labelled_train.jsonl
2026-06-07 20:28:26,008 INFO labeled day=5936107 (60 ticks) -> labelled_train.jsonl
2026-06-07 20:28:26,011 INFO labeled day=5936109 (60 ticks) -> labelled_train.jsonl
2026-06-07 20:28:26,016 INFO labeled day=5936110 (60 ticks) -> labelled_train.jsonl
2026-06-07 20:28:26,020 INFO labeled day=5936111 (60 ticks) -> labelled_train.jsonl
2026-06-07 20:28:26,024 INFO labeled day=5936112 (60 ticks) -> labelled_train.jsonl
2026-06-07 20:28:26,028 INFO labeled day=5936113 (60 ticks) -> labelled_train.jsonl
2026-06-07 20:28:26,033 INFO labeled day=5936114 (60 ticks) -> labelled_train.jsonl
2026-06-07 20:28:26,038 INFO labeled day=5936115 (60 ticks) -> labelled_train.jsonl
2026-06-07 20:28:26,042 INFO labeled day=5936117 (60 ticks) -> labelled_train.jsonl
2026-06-07 20:28:26,046 INFO labeled day=5936118 (60 ticks) -> labelled_train.jsonl
2026-06-07 20:28:26,051 INFO labeled day=5936119 (60 ticks) -> labelled_train.jsonl
2026-06-07 20:28:26,056 INFO labeled day=5936120 (60 ticks) -> labelled_train.jsonl
2026-06-07 20:28:26,060 INFO labeled day=5936121 (60 ticks) -> labelled_train.jsonl
2026-06-07 20:28:26,064 INFO labeled day=5936122 (60 ticks) -> labelled_train.jsonl
2026-06-07 20:28:26,068 INFO labeled day=5936125 (60 ticks) -> labelled_train.jsonl
2026-06-07 20:28:26,072 INFO labeled day=5936126 (60 ticks) -> labelled_train.jsonl
2026-06-07 20:28:26,077 INFO labeled day=5936128 (60 ticks) -> labelled_train.jsonl
2026-06-07 20:28:26,081 INFO labeled day=5936129 (60 ticks) -> labelled_train.jsonl
2026-06-07 20:28:26,085 INFO labeled day=5936131 (60 ticks) -> labelled_train.jsonl
2026-06-07 20:28:26,090 INFO labeled day=5936132 (60 ticks) -> labelled_train.jsonl
2026-06-07 20:28:26,094 INFO labeled day=5936133 (60 ticks) -> labelled_train.jsonl
2026-06-07 20:28:26,098 INFO labeled day=5936134 (60 ticks) -> labelled_train.jsonl
2026-06-07 20:28:26,102 INFO labeled day=5936135 (60 ticks) -> labelled_train.jsonl
2026-06-07 20:28:26,107 INFO labeled day=5936136 (60 ticks) -> labelled_train.jsonl
2026-06-07 20:28:26,111 INFO labeled day=5936137 (60 ticks) -> labelled_train.jsonl
2026-06-07 20:28:26,115 INFO labeled day=5936139 (60 ticks) -> labelled_train.jsonl
2026-06-07 20:28:26,119 INFO labeled day=5936140 (60 ticks) -> labelled_train.jsonl
2026-06-07 20:28:26,123 INFO labeled day=5936143 (60 ticks) -> labelled_train.jsonl
2026-06-07 20:28:26,127 INFO labeled day=5936144 (60 ticks) -> labelled_train.jsonl
2026-06-07 20:28:26,132 INFO labeled day=5936145 (60 ticks) -> labelled_train.jsonl
2026-06-07 20:28:26,136 INFO labeled day=5936147 (60 ticks) -> labelled_train.jsonl
2026-06-07 20:28:26,140 INFO labeled day=5936148 (60 ticks) -> labelled_train.jsonl
2026-06-07 20:28:26,144 INFO labeled day=5936149 (60 ticks) -> labelled_train.jsonl
2026-06-07 20:28:26,148 INFO labeled day=5936150 (60 ticks) -> labelled_train.jsonl
2026-06-07 20:28:26,153 INFO labeled day=5936151 (60 ticks) -> labelled_train.jsonl
2026-06-07 20:28:26,157 INFO labeled day=5936152 (60 ticks) -> labelled_train.jsonl
2026-06-07 20:28:26,162 INFO labeled day=5936153 (60 ticks) -> labelled_train.jsonl
2026-06-07 20:28:26,166 INFO labeled day=5936155 (60 ticks) -> labelled_train.jsonl
2026-06-07 20:28:26,171 INFO labeled day=5936156 (60 ticks) -> labelled_train.jsonl
2026-06-07 20:28:26,175 INFO labeled day=5936157 (60 ticks) -> labelled_train.jsonl
2026-06-07 20:28:26,179 INFO labeled day=5936158 (60 ticks) -> labelled_train.jsonl
2026-06-07 20:28:26,183 INFO labeled day=5936159 (60 ticks) -> labelled_train.jsonl
2026-06-07 20:28:26,188 INFO labeled day=5936165 (60 ticks) -> labelled_train.jsonl
2026-06-07 20:28:26,192 INFO labeled day=5936169 (60 ticks) -> labelled_train.jsonl
2026-06-07 20:28:26,196 INFO labeled day=5936170 (60 ticks) -> labelled_train.jsonl
2026-06-07 20:28:26,200 INFO labeled day=5936171 (60 ticks) -> labelled_train.jsonl
2026-06-07 20:28:26,204 INFO labeled day=5936172 (60 ticks) -> labelled_train.jsonl
2026-06-07 20:28:26,209 INFO labeled day=5936173 (60 ticks) -> labelled_train.jsonl
2026-06-07 20:28:26,213 INFO labeled day=5936174 (60 ticks) -> labelled_train.jsonl
2026-06-07 20:28:26,217 INFO labeled day=5936175 (60 ticks) -> labelled_train.jsonl
2026-06-07 20:28:26,222 INFO labeled day=5936177 (60 ticks) -> labelled_train.jsonl
2026-06-07 20:28:26,226 INFO labeled day=5936178 (60 ticks) -> labelled_train.jsonl
2026-06-07 20:28:26,231 INFO labeled day=5936179 (60 ticks) -> labelled_train.jsonl
2026-06-07 20:28:26,236 INFO labeled day=5936181 (60 ticks) -> labelled_train.jsonl
2026-06-07 20:28:26,240 INFO labeled day=5936182 (60 ticks) -> labelled_train.jsonl
2026-06-07 20:28:26,244 INFO labeled day=5936183 (60 ticks) -> labelled_train.jsonl
2026-06-07 20:28:26,248 INFO labeled day=5936186 (60 ticks) -> labelled_train.jsonl
2026-06-07 20:28:26,253 INFO labeled day=5936187 (60 ticks) -> labelled_train.jsonl
2026-06-07 20:28:26,257 INFO labeled day=5936189 (60 ticks) -> labelled_train.jsonl
2026-06-07 20:28:26,261 INFO labeled day=5936194 (60 ticks) -> labelled_train.jsonl
2026-06-07 20:28:26,265 INFO labeled day=5936196 (60 ticks) -> labelled_train.jsonl
2026-06-07 20:28:26,270 INFO labeled day=5936197 (60 ticks) -> labelled_train.jsonl
2026-06-07 20:28:26,275 INFO labeled day=5936198 (60 ticks) -> labelled_train.jsonl
2026-06-07 20:28:26,279 INFO labeled day=5936200 (60 ticks) -> labelled_train.jsonl
2026-06-07 20:28:26,285 INFO labeled day=5935414 (60 ticks) -> labelled_test.jsonl
2026-06-07 20:28:26,289 INFO labeled day=5935419 (60 ticks) -> labelled_test.jsonl
2026-06-07 20:28:26,293 INFO labeled day=5935433 (60 ticks) -> labelled_test.jsonl
2026-06-07 20:28:26,297 INFO labeled day=5935435 (60 ticks) -> labelled_test.jsonl
2026-06-07 20:28:26,302 INFO labeled day=5935438 (60 ticks) -> labelled_test.jsonl
2026-06-07 20:28:26,306 INFO labeled day=5935440 (60 ticks) -> labelled_test.jsonl
2026-06-07 20:28:26,311 INFO labeled day=5935452 (60 ticks) -> labelled_test.jsonl
2026-06-07 20:28:26,315 INFO labeled day=5935454 (60 ticks) -> labelled_test.jsonl
2026-06-07 20:28:26,319 INFO labeled day=5935456 (60 ticks) -> labelled_test.jsonl
2026-06-07 20:28:26,323 INFO labeled day=5935465 (60 ticks) -> labelled_test.jsonl
2026-06-07 20:28:26,328 INFO labeled day=5935473 (60 ticks) -> labelled_test.jsonl
2026-06-07 20:28:26,332 INFO labeled day=5935475 (60 ticks) -> labelled_test.jsonl
2026-06-07 20:28:26,336 INFO labeled day=5935479 (60 ticks) -> labelled_test.jsonl
2026-06-07 20:28:26,340 INFO labeled day=5935481 (60 ticks) -> labelled_test.jsonl
2026-06-07 20:28:26,344 INFO labeled day=5935488 (60 ticks) -> labelled_test.jsonl
2026-06-07 20:28:26,348 INFO labeled day=5935489 (60 ticks) -> labelled_test.jsonl
2026-06-07 20:28:26,353 INFO labeled day=5935497 (60 ticks) -> labelled_test.jsonl
2026-06-07 20:28:26,357 INFO labeled day=5935501 (60 ticks) -> labelled_test.jsonl
2026-06-07 20:28:26,361 INFO labeled day=5935502 (60 ticks) -> labelled_test.jsonl
2026-06-07 20:28:26,365 INFO labeled day=5935503 (60 ticks) -> labelled_test.jsonl
2026-06-07 20:28:26,370 INFO labeled day=5935507 (60 ticks) -> labelled_test.jsonl
2026-06-07 20:28:26,374 INFO labeled day=5935511 (60 ticks) -> labelled_test.jsonl
2026-06-07 20:28:26,378 INFO labeled day=5935512 (60 ticks) -> labelled_test.jsonl
2026-06-07 20:28:26,382 INFO labeled day=5935520 (60 ticks) -> labelled_test.jsonl
2026-06-07 20:28:26,387 INFO labeled day=5935522 (60 ticks) -> labelled_test.jsonl
2026-06-07 20:28:26,391 INFO labeled day=5935525 (60 ticks) -> labelled_test.jsonl
2026-06-07 20:28:26,395 INFO labeled day=5935535 (60 ticks) -> labelled_test.jsonl
2026-06-07 20:28:26,399 INFO labeled day=5935549 (60 ticks) -> labelled_test.jsonl
2026-06-07 20:28:26,403 INFO labeled day=5935550 (60 ticks) -> labelled_test.jsonl
2026-06-07 20:28:26,407 INFO labeled day=5935554 (60 ticks) -> labelled_test.jsonl
2026-06-07 20:28:26,412 INFO labeled day=5935564 (60 ticks) -> labelled_test.jsonl
2026-06-07 20:28:26,416 INFO labeled day=5935567 (60 ticks) -> labelled_test.jsonl
2026-06-07 20:28:26,420 INFO labeled day=5935569 (60 ticks) -> labelled_test.jsonl
2026-06-07 20:28:26,425 INFO labeled day=5935571 (60 ticks) -> labelled_test.jsonl
2026-06-07 20:28:26,429 INFO labeled day=5935574 (60 ticks) -> labelled_test.jsonl
2026-06-07 20:28:26,434 INFO labeled day=5935575 (60 ticks) -> labelled_test.jsonl
2026-06-07 20:28:26,438 INFO labeled day=5935583 (60 ticks) -> labelled_test.jsonl
2026-06-07 20:28:26,443 INFO labeled day=5935604 (60 ticks) -> labelled_test.jsonl
2026-06-07 20:28:26,447 INFO labeled day=5935611 (60 ticks) -> labelled_test.jsonl
2026-06-07 20:28:26,452 INFO labeled day=5935622 (60 ticks) -> labelled_test.jsonl
2026-06-07 20:28:26,456 INFO labeled day=5935624 (60 ticks) -> labelled_test.jsonl
2026-06-07 20:28:26,460 INFO labeled day=5935625 (60 ticks) -> labelled_test.jsonl
2026-06-07 20:28:26,464 INFO labeled day=5935628 (60 ticks) -> labelled_test.jsonl
2026-06-07 20:28:26,469 INFO labeled day=5935631 (60 ticks) -> labelled_test.jsonl
2026-06-07 20:28:26,473 INFO labeled day=5935632 (60 ticks) -> labelled_test.jsonl
2026-06-07 20:28:26,477 INFO labeled day=5935633 (60 ticks) -> labelled_test.jsonl
2026-06-07 20:28:26,481 INFO labeled day=5935636 (60 ticks) -> labelled_test.jsonl
2026-06-07 20:28:26,485 INFO labeled day=5935641 (60 ticks) -> labelled_test.jsonl
2026-06-07 20:28:26,489 INFO labeled day=5935642 (60 ticks) -> labelled_test.jsonl
2026-06-07 20:28:26,493 INFO labeled day=5935646 (60 ticks) -> labelled_test.jsonl
2026-06-07 20:28:26,498 INFO labeled day=5935658 (60 ticks) -> labelled_test.jsonl
2026-06-07 20:28:26,502 INFO labeled day=5935660 (60 ticks) -> labelled_test.jsonl
2026-06-07 20:28:26,506 INFO labeled day=5935665 (60 ticks) -> labelled_test.jsonl
2026-06-07 20:28:26,510 INFO labeled day=5935677 (60 ticks) -> labelled_test.jsonl
2026-06-07 20:28:26,514 INFO labeled day=5935678 (60 ticks) -> labelled_test.jsonl
2026-06-07 20:28:26,518 INFO labeled day=5935679 (60 ticks) -> labelled_test.jsonl
2026-06-07 20:28:26,522 INFO labeled day=5935681 (60 ticks) -> labelled_test.jsonl
2026-06-07 20:28:26,527 INFO labeled day=5935682 (60 ticks) -> labelled_test.jsonl
2026-06-07 20:28:26,531 INFO labeled day=5935684 (60 ticks) -> labelled_test.jsonl
2026-06-07 20:28:26,535 INFO labeled day=5935689 (60 ticks) -> labelled_test.jsonl
2026-06-07 20:28:26,539 INFO labeled day=5935693 (60 ticks) -> labelled_test.jsonl
2026-06-07 20:28:26,543 INFO labeled day=5935705 (60 ticks) -> labelled_test.jsonl
2026-06-07 20:28:26,548 INFO labeled day=5935709 (60 ticks) -> labelled_test.jsonl
2026-06-07 20:28:26,552 INFO labeled day=5935731 (60 ticks) -> labelled_test.jsonl
2026-06-07 20:28:26,558 INFO labeled day=5935732 (60 ticks) -> labelled_test.jsonl
2026-06-07 20:28:26,562 INFO labeled day=5935741 (60 ticks) -> labelled_test.jsonl
2026-06-07 20:28:26,566 INFO labeled day=5935753 (60 ticks) -> labelled_test.jsonl
2026-06-07 20:28:26,570 INFO labeled day=5935757 (60 ticks) -> labelled_test.jsonl
2026-06-07 20:28:26,575 INFO labeled day=5935761 (60 ticks) -> labelled_test.jsonl
2026-06-07 20:28:26,579 INFO labeled day=5935772 (60 ticks) -> labelled_test.jsonl
2026-06-07 20:28:26,583 INFO labeled day=5935776 (60 ticks) -> labelled_test.jsonl
2026-06-07 20:28:26,587 INFO labeled day=5935779 (60 ticks) -> labelled_test.jsonl
2026-06-07 20:28:26,591 INFO labeled day=5935782 (60 ticks) -> labelled_test.jsonl
2026-06-07 20:28:26,595 INFO labeled day=5935788 (60 ticks) -> labelled_test.jsonl
2026-06-07 20:28:26,599 INFO labeled day=5935796 (60 ticks) -> labelled_test.jsonl
2026-06-07 20:28:26,604 INFO labeled day=5935797 (60 ticks) -> labelled_test.jsonl
2026-06-07 20:28:26,608 INFO labeled day=5935798 (60 ticks) -> labelled_test.jsonl
2026-06-07 20:28:26,613 INFO labeled day=5935799 (60 ticks) -> labelled_test.jsonl
2026-06-07 20:28:26,617 INFO labeled day=5935803 (60 ticks) -> labelled_test.jsonl
2026-06-07 20:28:26,621 INFO labeled day=5935814 (60 ticks) -> labelled_test.jsonl
2026-06-07 20:28:26,625 INFO labeled day=5935817 (60 ticks) -> labelled_test.jsonl
2026-06-07 20:28:26,629 INFO labeled day=5935819 (60 ticks) -> labelled_test.jsonl
2026-06-07 20:28:26,634 INFO labeled day=5935838 (60 ticks) -> labelled_test.jsonl
2026-06-07 20:28:26,638 INFO labeled day=5935841 (60 ticks) -> labelled_test.jsonl
2026-06-07 20:28:26,642 INFO labeled day=5935847 (60 ticks) -> labelled_test.jsonl
2026-06-07 20:28:26,646 INFO labeled day=5935854 (60 ticks) -> labelled_test.jsonl
2026-06-07 20:28:26,650 INFO labeled day=5935868 (60 ticks) -> labelled_test.jsonl
2026-06-07 20:28:26,654 INFO labeled day=5935873 (60 ticks) -> labelled_test.jsonl
2026-06-07 20:28:26,658 INFO labeled day=5935878 (60 ticks) -> labelled_test.jsonl
2026-06-07 20:28:26,663 INFO labeled day=5935879 (60 ticks) -> labelled_test.jsonl
2026-06-07 20:28:26,668 INFO labeled day=5935882 (60 ticks) -> labelled_test.jsonl
2026-06-07 20:28:26,672 INFO labeled day=5935888 (60 ticks) -> labelled_test.jsonl
2026-06-07 20:28:26,676 INFO labeled day=5935914 (60 ticks) -> labelled_test.jsonl
2026-06-07 20:28:26,680 INFO labeled day=5935920 (60 ticks) -> labelled_test.jsonl
2026-06-07 20:28:26,684 INFO labeled day=5935926 (60 ticks) -> labelled_test.jsonl
2026-06-07 20:28:26,689 INFO labeled day=5935930 (60 ticks) -> labelled_test.jsonl
2026-06-07 20:28:26,693 INFO labeled day=5935950 (60 ticks) -> labelled_test.jsonl
2026-06-07 20:28:26,697 INFO labeled day=5935955 (60 ticks) -> labelled_test.jsonl
2026-06-07 20:28:26,701 INFO labeled day=5935958 (60 ticks) -> labelled_test.jsonl
2026-06-07 20:28:26,705 INFO labeled day=5935960 (60 ticks) -> labelled_test.jsonl
2026-06-07 20:28:26,709 INFO labeled day=5935967 (60 ticks) -> labelled_test.jsonl
2026-06-07 20:28:26,713 INFO labeled day=5935974 (60 ticks) -> labelled_test.jsonl
2026-06-07 20:28:26,717 INFO labeled day=5935975 (60 ticks) -> labelled_test.jsonl
2026-06-07 20:28:26,721 INFO labeled day=5935979 (60 ticks) -> labelled_test.jsonl
2026-06-07 20:28:26,726 INFO labeled day=5935983 (60 ticks) -> labelled_test.jsonl
2026-06-07 20:28:26,730 INFO labeled day=5935989 (60 ticks) -> labelled_test.jsonl
2026-06-07 20:28:26,735 INFO labeled day=5936000 (60 ticks) -> labelled_test.jsonl
2026-06-07 20:28:26,739 INFO labeled day=5936006 (60 ticks) -> labelled_test.jsonl
2026-06-07 20:28:26,743 INFO labeled day=5936007 (60 ticks) -> labelled_test.jsonl
2026-06-07 20:28:26,748 INFO labeled day=5936012 (60 ticks) -> labelled_test.jsonl
2026-06-07 20:28:26,752 INFO labeled day=5936013 (60 ticks) -> labelled_test.jsonl
2026-06-07 20:28:26,756 INFO labeled day=5936019 (60 ticks) -> labelled_test.jsonl
2026-06-07 20:28:26,760 INFO labeled day=5936025 (60 ticks) -> labelled_test.jsonl
2026-06-07 20:28:26,764 INFO labeled day=5936027 (60 ticks) -> labelled_test.jsonl
2026-06-07 20:28:26,769 INFO labeled day=5936032 (60 ticks) -> labelled_test.jsonl
2026-06-07 20:28:26,773 INFO labeled day=5936042 (60 ticks) -> labelled_test.jsonl
2026-06-07 20:28:26,777 INFO labeled day=5936051 (60 ticks) -> labelled_test.jsonl
2026-06-07 20:28:26,782 INFO labeled day=5936052 (60 ticks) -> labelled_test.jsonl
2026-06-07 20:28:26,786 INFO labeled day=5936059 (60 ticks) -> labelled_test.jsonl
2026-06-07 20:28:26,791 INFO labeled day=5936060 (60 ticks) -> labelled_test.jsonl
2026-06-07 20:28:26,796 INFO labeled day=5936063 (60 ticks) -> labelled_test.jsonl
2026-06-07 20:28:26,800 INFO labeled day=5936064 (60 ticks) -> labelled_test.jsonl
2026-06-07 20:28:26,805 INFO labeled day=5936067 (60 ticks) -> labelled_test.jsonl
2026-06-07 20:28:26,809 INFO labeled day=5936072 (60 ticks) -> labelled_test.jsonl
2026-06-07 20:28:26,813 INFO labeled day=5936074 (60 ticks) -> labelled_test.jsonl
2026-06-07 20:28:26,817 INFO labeled day=5936080 (60 ticks) -> labelled_test.jsonl
2026-06-07 20:28:26,821 INFO labeled day=5936086 (60 ticks) -> labelled_test.jsonl
2026-06-07 20:28:26,825 INFO labeled day=5936095 (60 ticks) -> labelled_test.jsonl
2026-06-07 20:28:26,830 INFO labeled day=5936101 (60 ticks) -> labelled_test.jsonl
2026-06-07 20:28:26,834 INFO labeled day=5936108 (60 ticks) -> labelled_test.jsonl
2026-06-07 20:28:26,838 INFO labeled day=5936116 (60 ticks) -> labelled_test.jsonl
2026-06-07 20:28:26,843 INFO labeled day=5936123 (60 ticks) -> labelled_test.jsonl
2026-06-07 20:28:26,847 INFO labeled day=5936124 (60 ticks) -> labelled_test.jsonl
2026-06-07 20:28:26,851 INFO labeled day=5936127 (60 ticks) -> labelled_test.jsonl
2026-06-07 20:28:26,855 INFO labeled day=5936130 (60 ticks) -> labelled_test.jsonl
2026-06-07 20:28:26,860 INFO labeled day=5936138 (60 ticks) -> labelled_test.jsonl
2026-06-07 20:28:26,864 INFO labeled day=5936141 (60 ticks) -> labelled_test.jsonl
2026-06-07 20:28:26,869 INFO labeled day=5936142 (60 ticks) -> labelled_test.jsonl
2026-06-07 20:28:26,873 INFO labeled day=5936146 (60 ticks) -> labelled_test.jsonl
2026-06-07 20:28:26,878 INFO labeled day=5936154 (60 ticks) -> labelled_test.jsonl
2026-06-07 20:28:26,882 INFO labeled day=5936160 (60 ticks) -> labelled_test.jsonl
2026-06-07 20:28:26,886 INFO labeled day=5936161 (60 ticks) -> labelled_test.jsonl
2026-06-07 20:28:26,890 INFO labeled day=5936162 (60 ticks) -> labelled_test.jsonl
2026-06-07 20:28:26,895 INFO labeled day=5936163 (60 ticks) -> labelled_test.jsonl
2026-06-07 20:28:26,899 INFO labeled day=5936164 (60 ticks) -> labelled_test.jsonl
2026-06-07 20:28:26,904 INFO labeled day=5936166 (60 ticks) -> labelled_test.jsonl
2026-06-07 20:28:26,908 INFO labeled day=5936167 (60 ticks) -> labelled_test.jsonl
2026-06-07 20:28:26,912 INFO labeled day=5936168 (60 ticks) -> labelled_test.jsonl
2026-06-07 20:28:26,917 INFO labeled day=5936176 (60 ticks) -> labelled_test.jsonl
2026-06-07 20:28:26,921 INFO labeled day=5936180 (60 ticks) -> labelled_test.jsonl
2026-06-07 20:28:26,925 INFO labeled day=5936184 (60 ticks) -> labelled_test.jsonl
2026-06-07 20:28:26,929 INFO labeled day=5936185 (60 ticks) -> labelled_test.jsonl
2026-06-07 20:28:26,934 INFO labeled day=5936188 (60 ticks) -> labelled_test.jsonl
2026-06-07 20:28:26,938 INFO labeled day=5936190 (60 ticks) -> labelled_test.jsonl
2026-06-07 20:28:26,942 INFO labeled day=5936191 (60 ticks) -> labelled_test.jsonl
2026-06-07 20:28:26,947 INFO labeled day=5936192 (60 ticks) -> labelled_test.jsonl
2026-06-07 20:28:26,951 INFO labeled day=5936193 (60 ticks) -> labelled_test.jsonl
2026-06-07 20:28:26,955 INFO labeled day=5936195 (60 ticks) -> labelled_test.jsonl
2026-06-07 20:28:26,959 INFO labeled day=5936199 (60 ticks) -> labelled_test.jsonl
2026-06-07 20:28:26,960 INFO done: train=37980 rows (633 days), test=9540 rows (159 days)
